Component: ARM Compiler 5.05 update 2 (build 169) Tool: armlink [4d0f33]

==============================================================================

Section Cross References

    stm32f10x_rcc.o(i.RCC_GetClocksFreq) refers to stm32f10x_rcc.o(.data) for APBAHBPrescTable
    stm32f10x_rcc.o(i.RCC_WaitForHSEStartUp) refers to stm32f10x_rcc.o(i.RCC_GetFlagStatus) for RCC_GetFlagStatus
    stm32f10x_gpio.o(i.GPIO_AFIODeInit) refers to stm32f10x_rcc.o(i.RCC_APB2PeriphResetCmd) for RCC_APB2PeriphResetCmd
    stm32f10x_gpio.o(i.GPIO_DeInit) refers to stm32f10x_rcc.o(i.RCC_APB2PeriphResetCmd) for RCC_APB2PeriphResetCmd
    system_stm32f10x.o(i.SetSysClock) refers to system_stm32f10x.o(i.SetSysClockTo72) for SetSysClockTo72
    system_stm32f10x.o(i.SystemCoreClockUpdate) refers to system_stm32f10x.o(.data) for SystemCoreClock
    system_stm32f10x.o(i.SystemInit) refers to system_stm32f10x.o(i.SetSysClock) for SetSysClock
    startup_stm32f10x_hd.o(STACK) refers (Special) to heapauxi.o(.text) for __use_two_region_memory
    startup_stm32f10x_hd.o(HEAP) refers (Special) to heapauxi.o(.text) for __use_two_region_memory
    startup_stm32f10x_hd.o(RESET) refers (Special) to heapauxi.o(.text) for __use_two_region_memory
    startup_stm32f10x_hd.o(RESET) refers to startup_stm32f10x_hd.o(STACK) for __initial_sp
    startup_stm32f10x_hd.o(RESET) refers to startup_stm32f10x_hd.o(.text) for Reset_Handler
    startup_stm32f10x_hd.o(RESET) refers to stm32f10x_it.o(i.NMI_Handler) for NMI_Handler
    startup_stm32f10x_hd.o(RESET) refers to stm32f10x_it.o(i.HardFault_Handler) for HardFault_Handler
    startup_stm32f10x_hd.o(RESET) refers to stm32f10x_it.o(i.MemManage_Handler) for MemManage_Handler
    startup_stm32f10x_hd.o(RESET) refers to stm32f10x_it.o(i.BusFault_Handler) for BusFault_Handler
    startup_stm32f10x_hd.o(RESET) refers to stm32f10x_it.o(i.UsageFault_Handler) for UsageFault_Handler
    startup_stm32f10x_hd.o(RESET) refers to stm32f10x_it.o(i.SVC_Handler) for SVC_Handler
    startup_stm32f10x_hd.o(RESET) refers to stm32f10x_it.o(i.DebugMon_Handler) for DebugMon_Handler
    startup_stm32f10x_hd.o(RESET) refers to stm32f10x_it.o(i.PendSV_Handler) for PendSV_Handler
    startup_stm32f10x_hd.o(RESET) refers to stm32f10x_it.o(i.SysTick_Handler) for SysTick_Handler
    startup_stm32f10x_hd.o(RESET) refers to main.o(i.EXTI2_IRQHandler) for EXTI2_IRQHandler
    startup_stm32f10x_hd.o(RESET) refers to main.o(i.TIM3_IRQHandler) for TIM3_IRQHandler
    startup_stm32f10x_hd.o(RESET) refers to main.o(i.EXTI15_10_IRQHandler) for EXTI15_10_IRQHandler
    startup_stm32f10x_hd.o(.text) refers (Special) to heapauxi.o(.text) for __use_two_region_memory
    startup_stm32f10x_hd.o(.text) refers to system_stm32f10x.o(i.SystemInit) for SystemInit
    startup_stm32f10x_hd.o(.text) refers to __main.o(!!!main) for __main
    startup_stm32f10x_hd.o(.text) refers to startup_stm32f10x_hd.o(HEAP) for Heap_Mem
    startup_stm32f10x_hd.o(.text) refers to startup_stm32f10x_hd.o(STACK) for Stack_Mem
    ierg3810_usart.o(i.IERG3810_USART1_init) refers to fflt_clz.o(x$fpl$ffltu) for __aeabi_ui2f
    ierg3810_usart.o(i.IERG3810_USART1_init) refers to fdiv.o(x$fpl$fdiv) for __aeabi_fdiv
    ierg3810_usart.o(i.IERG3810_USART1_init) refers to ffixu.o(x$fpl$ffixu) for __aeabi_f2uiz
    ierg3810_usart.o(i.IERG3810_USART1_init) refers to faddsub_clz.o(x$fpl$frsb) for __aeabi_frsub
    ierg3810_usart.o(i.IERG3810_USART1_init) refers to fmul.o(x$fpl$fmul) for __aeabi_fmul
    ierg3810_usart.o(i.IERG3810_USART2_init) refers to fflt_clz.o(x$fpl$ffltu) for __aeabi_ui2f
    ierg3810_usart.o(i.IERG3810_USART2_init) refers to fdiv.o(x$fpl$fdiv) for __aeabi_fdiv
    ierg3810_usart.o(i.IERG3810_USART2_init) refers to ffixu.o(x$fpl$ffixu) for __aeabi_f2uiz
    ierg3810_usart.o(i.IERG3810_USART2_init) refers to faddsub_clz.o(x$fpl$frsb) for __aeabi_frsub
    ierg3810_usart.o(i.IERG3810_USART2_init) refers to fmul.o(x$fpl$fmul) for __aeabi_fmul
    main.o(i.EXTI15_10_IRQHandler) refers to ierg3810_usart.o(i.USART_print) for USART_print
    main.o(i.EXTI15_10_IRQHandler) refers to main.o(i.PS2key_control) for PS2key_control
    main.o(i.EXTI15_10_IRQHandler) refers to main.o(i.Delay) for Delay
    main.o(i.EXTI15_10_IRQHandler) refers to main.o(.data) for pa2count
    main.o(i.EXTI2_IRQHandler) refers to main.o(i.init_game) for init_game
    main.o(i.IERG3810_PrintInstrut) refers to main.o(i.IERG3810_TFTLCD_FillRectangle) for IERG3810_TFTLCD_FillRectangle
    main.o(i.IERG3810_PrintInstrut) refers to main.o(i.IERG3810_TFTLCD_ShowChar_Overlay) for IERG3810_TFTLCD_ShowChar_Overlay
    main.o(i.IERG3810_PrintInstrut) refers to main.o(.data) for i
    main.o(i.IERG3810_PrintMenu) refers to main.o(i.IERG3810_TFTLCD_FillRectangle) for IERG3810_TFTLCD_FillRectangle
    main.o(i.IERG3810_PrintMenu) refers to main.o(i.IERG3810_TFTLCD_ShowChar_Overlay) for IERG3810_TFTLCD_ShowChar_Overlay
    main.o(i.IERG3810_PrintMenu) refers to main.o(i.IERG3810_TFTLCD_ShowChinChar_Overlay) for IERG3810_TFTLCD_ShowChinChar_Overlay
    main.o(i.IERG3810_PrintMenu) refers to main.o(.data) for i
    main.o(i.IERG3810_TFTLCD_DrawDot) refers to main.o(i.IERG3810_TFTLCD_WrReg) for IERG3810_TFTLCD_WrReg
    main.o(i.IERG3810_TFTLCD_DrawDot) refers to main.o(i.IERG3810_TFTLCD_WrData) for IERG3810_TFTLCD_WrData
    main.o(i.IERG3810_TFTLCD_FillRectangle) refers to main.o(i.IERG3810_TFTLCD_WrReg) for IERG3810_TFTLCD_WrReg
    main.o(i.IERG3810_TFTLCD_FillRectangle) refers to main.o(i.IERG3810_TFTLCD_WrData) for IERG3810_TFTLCD_WrData
    main.o(i.IERG3810_TFTLCD_Init) refers to main.o(i.IERG3810_TFTLCD_SetParameter) for IERG3810_TFTLCD_SetParameter
    main.o(i.IERG3810_TFTLCD_SetParameter) refers to main.o(i.IERG3810_TFTLCD_WrReg) for IERG3810_TFTLCD_WrReg
    main.o(i.IERG3810_TFTLCD_SetParameter) refers to main.o(i.IERG3810_TFTLCD_WrData) for IERG3810_TFTLCD_WrData
    main.o(i.IERG3810_TFTLCD_SevenSegment) refers to main.o(i.IERG3810_TFTLCD_FillRectangle) for IERG3810_TFTLCD_FillRectangle
    main.o(i.IERG3810_TFTLCD_ShowChar) refers to main.o(i.IERG3810_TFTLCD_WrReg) for IERG3810_TFTLCD_WrReg
    main.o(i.IERG3810_TFTLCD_ShowChar) refers to main.o(i.IERG3810_TFTLCD_WrData) for IERG3810_TFTLCD_WrData
    main.o(i.IERG3810_TFTLCD_ShowChar) refers to main.o(.constdata) for asc2_1608
    main.o(i.IERG3810_TFTLCD_ShowChar_Overlay) refers to main.o(i.IERG3810_TFTLCD_DrawDot) for IERG3810_TFTLCD_DrawDot
    main.o(i.IERG3810_TFTLCD_ShowChar_Overlay) refers to main.o(.constdata) for asc2_1608
    main.o(i.IERG3810_TFTLCD_ShowChinChar) refers to main.o(i.IERG3810_TFTLCD_WrReg) for IERG3810_TFTLCD_WrReg
    main.o(i.IERG3810_TFTLCD_ShowChinChar) refers to main.o(i.IERG3810_TFTLCD_WrData) for IERG3810_TFTLCD_WrData
    main.o(i.IERG3810_TFTLCD_ShowChinChar) refers to main.o(.constdata) for chi_1616
    main.o(i.IERG3810_TFTLCD_ShowChinChar_Overlay) refers to main.o(i.IERG3810_TFTLCD_DrawDot) for IERG3810_TFTLCD_DrawDot
    main.o(i.IERG3810_TFTLCD_ShowChinChar_Overlay) refers to main.o(.constdata) for chi_1616
    main.o(i.PS2key_control) refers to main.o(i.handle_player_control) for handle_player_control
    main.o(i.PS2key_control) refers to main.o(i.update_banner) for update_banner
    main.o(i.PS2key_control) refers to main.o(i.init_game) for init_game
    main.o(i.PS2key_control) refers to main.o(i.clear_screen) for clear_screen
    main.o(i.PS2key_control) refers to main.o(i.IERG3810_PrintInstrut) for IERG3810_PrintInstrut
    main.o(i.PS2key_control) refers to main.o(i.start_game) for start_game
    main.o(i.PS2key_control) refers to main.o(.data) for GAME_STATUS
    main.o(i.TIM3_IRQHandler) refers to main.o(i.update_map) for update_map
    main.o(i.TIM3_IRQHandler) refers to main.o(i.update_timer) for update_timer
    main.o(i.TIM3_IRQHandler) refers to main.o(i.update_score) for update_score
    main.o(i.TIM3_IRQHandler) refers to main.o(.data) for GAME_STATUS
    main.o(i.check_point) refers to main.o(i.update_map) for update_map
    main.o(i.check_point) refers to main.o(i.update_banner) for update_banner
    main.o(i.check_point) refers to main.o(i.update_low_banner) for update_low_banner
    main.o(i.check_point) refers to ierg3810_usart.o(i.USART_print) for USART_print
    main.o(i.check_point) refers to main.o(.data) for tmp_point
    main.o(i.check_point) refers to main.o(.bss) for curr_map
    main.o(i.clear_screen) refers to main.o(i.IERG3810_TFTLCD_FillRectangle) for IERG3810_TFTLCD_FillRectangle
    main.o(i.draw_block) refers to main.o(i.IERG3810_TFTLCD_FillRectangle) for IERG3810_TFTLCD_FillRectangle
    main.o(i.draw_block) refers to main.o(i.IERG3810_TFTLCD_DrawDot) for IERG3810_TFTLCD_DrawDot
    main.o(i.draw_block) refers to main.o(.bss) for curr_target
    main.o(i.draw_block) refers to main.o(.data) for u
    main.o(i.handle_player_control) refers to main.o(i.check_point) for check_point
    main.o(i.handle_player_control) refers to main.o(.bss) for curr_map
    main.o(i.handle_player_control) refers to main.o(.data) for curr_player_p
    main.o(i.init_game) refers to main.o(i.IERG3810_PrintMenu) for IERG3810_PrintMenu
    main.o(i.init_game) refers to main.o(.data) for GAME_STATUS
    main.o(i.init_map) refers to main.o(i.IERG3810_TFTLCD_FillRectangle) for IERG3810_TFTLCD_FillRectangle
    main.o(i.init_map) refers to main.o(i.IERG3810_TFTLCD_DrawDot) for IERG3810_TFTLCD_DrawDot
    main.o(i.init_map) refers to main.o(i.IERG3810_TFTLCD_ShowChar_Overlay) for IERG3810_TFTLCD_ShowChar_Overlay
    main.o(i.init_map) refers to main.o(.data) for i
    main.o(i.init_map) refers to main.o(.bss) for curr_map
    main.o(i.main) refers to ierg3810_clock.o(i.IERG3810_clock_tree_init) for IERG3810_clock_tree_init
    main.o(i.main) refers to ierg3810_usart.o(i.IERG3810_USART2_init) for IERG3810_USART2_init
    main.o(i.main) refers to ierg3810_usart.o(i.IERG3810_USART1_init) for IERG3810_USART1_init
    main.o(i.main) refers to main.o(i.IERG3810_TFTLCD_Init) for IERG3810_TFTLCD_Init
    main.o(i.main) refers to ierg3810_led.o(i.IERG3810_LED_INIT) for IERG3810_LED_INIT
    main.o(i.main) refers to main.o(i.IERG3810_NVIC_SetPriorityGroup) for IERG3810_NVIC_SetPriorityGroup
    main.o(i.main) refers to main.o(i.IERG3810_PS2key_ExtiInit) for IERG3810_PS2key_ExtiInit
    main.o(i.main) refers to main.o(i.IERG3810_key2_ExtiInit) for IERG3810_key2_ExtiInit
    main.o(i.main) refers to main.o(i.IERG3810_TIM3_Init) for IERG3810_TIM3_Init
    main.o(i.main) refers to main.o(i.IERG3810_SYSTICK_Init10ms) for IERG3810_SYSTICK_Init10ms
    main.o(i.main) refers to ierg3810_usart.o(i.USART_print) for USART_print
    main.o(i.main) refers to main.o(i.clear_screen) for clear_screen
    main.o(i.main) refers to main.o(i.Delay) for Delay
    main.o(i.main) refers to main.o(i.init_game) for init_game
    main.o(i.main) refers to main.o(i.update_timer) for update_timer
    main.o(i.main) refers to main.o(i.update_banner) for update_banner
    main.o(i.main) refers to main.o(i.update_low_banner) for update_low_banner
    main.o(i.main) refers to main.o(.data) for GAME_STATUS
    main.o(i.start_game) refers to ierg3810_usart.o(i.USART_print) for USART_print
    main.o(i.start_game) refers to main.o(i.clear_screen) for clear_screen
    main.o(i.start_game) refers to main.o(i.init_map) for init_map
    main.o(i.start_game) refers to main.o(.data) for select_map
    main.o(i.start_game) refers to main.o(.bss) for prev_map
    main.o(i.update_banner) refers to main.o(i.IERG3810_TFTLCD_FillRectangle) for IERG3810_TFTLCD_FillRectangle
    main.o(i.update_banner) refers to main.o(i.IERG3810_TFTLCD_ShowChar_Overlay) for IERG3810_TFTLCD_ShowChar_Overlay
    main.o(i.update_banner) refers to main.o(.data) for GAME_STATUS
    main.o(i.update_low_banner) refers to main.o(i.IERG3810_TFTLCD_FillRectangle) for IERG3810_TFTLCD_FillRectangle
    main.o(i.update_low_banner) refers to main.o(i.IERG3810_TFTLCD_ShowChar_Overlay) for IERG3810_TFTLCD_ShowChar_Overlay
    main.o(i.update_low_banner) refers to main.o(.data) for GAME_STATUS
    main.o(i.update_map) refers to main.o(i.draw_block) for draw_block
    main.o(i.update_map) refers to main.o(i.IERG3810_TFTLCD_FillRectangle) for IERG3810_TFTLCD_FillRectangle
    main.o(i.update_map) refers to main.o(.data) for i
    main.o(i.update_map) refers to main.o(.bss) for curr_map
    main.o(i.update_score) refers to main.o(i.IERG3810_TFTLCD_FillRectangle) for IERG3810_TFTLCD_FillRectangle
    main.o(i.update_score) refers to main.o(i.IERG3810_TFTLCD_ShowChar_Overlay) for IERG3810_TFTLCD_ShowChar_Overlay
    main.o(i.update_score) refers to main.o(.data) for curr_point
    main.o(i.update_timer) refers to main.o(i.IERG3810_TFTLCD_FillRectangle) for IERG3810_TFTLCD_FillRectangle
    main.o(i.update_timer) refers to main.o(i.IERG3810_TFTLCD_ShowChar_Overlay) for IERG3810_TFTLCD_ShowChar_Overlay
    main.o(i.update_timer) refers to main.o(.data) for curr_game_timer
    main.o(.data) refers to main.o(.conststring) for .conststring
    stm32f10x_it.o(i.SysTick_Handler) refers to main.o(.data) for task1HeartBeat
    __main.o(!!!main) refers to __rtentry.o(.ARM.Collect$$rtentry$$00000000) for __rt_entry
    faddsub_clz.o(x$fpl$fadd) refers (Special) to usenofp.o(x$fpl$usenofp) for __I$use$fp
    faddsub_clz.o(x$fpl$fadd) refers to faddsub_clz.o(x$fpl$fsub) for _fsub1
    faddsub_clz.o(x$fpl$fadd) refers to fretinf.o(x$fpl$fretinf) for __fpl_fretinf
    faddsub_clz.o(x$fpl$fadd) refers to fnaninf.o(x$fpl$fnaninf) for __fpl_fnaninf
    faddsub_clz.o(x$fpl$frsb) refers (Special) to usenofp.o(x$fpl$usenofp) for __I$use$fp
    faddsub_clz.o(x$fpl$frsb) refers to faddsub_clz.o(x$fpl$fadd) for _fadd1
    faddsub_clz.o(x$fpl$frsb) refers to faddsub_clz.o(x$fpl$fsub) for _fsub1
    faddsub_clz.o(x$fpl$fsub) refers (Special) to usenofp.o(x$fpl$usenofp) for __I$use$fp
    faddsub_clz.o(x$fpl$fsub) refers to faddsub_clz.o(x$fpl$fadd) for _fadd1
    faddsub_clz.o(x$fpl$fsub) refers to fnaninf.o(x$fpl$fnaninf) for __fpl_fnaninf
    fdiv.o(x$fpl$frdiv) refers (Special) to usenofp.o(x$fpl$usenofp) for __I$use$fp
    fdiv.o(x$fpl$frdiv) refers to fdiv.o(x$fpl$fdiv) for _fdiv1
    fdiv.o(x$fpl$fdiv) refers (Special) to usenofp.o(x$fpl$usenofp) for __I$use$fp
    fdiv.o(x$fpl$fdiv) refers to fretinf.o(x$fpl$fretinf) for __fpl_fretinf
    fdiv.o(x$fpl$fdiv) refers to fnaninf.o(x$fpl$fnaninf) for __fpl_fnaninf
    ffixu.o(x$fpl$ffixu) refers (Special) to usenofp.o(x$fpl$usenofp) for __I$use$fp
    ffixu.o(x$fpl$ffixu) refers to fnaninf.o(x$fpl$fnaninf) for __fpl_fnaninf
    ffixu.o(x$fpl$ffixur) refers (Special) to usenofp.o(x$fpl$usenofp) for __I$use$fp
    ffixu.o(x$fpl$ffixur) refers to fnaninf.o(x$fpl$fnaninf) for __fpl_fnaninf
    fflt_clz.o(x$fpl$ffltu) refers (Special) to usenofp.o(x$fpl$usenofp) for __I$use$fp
    fflt_clz.o(x$fpl$fflt) refers (Special) to usenofp.o(x$fpl$usenofp) for __I$use$fp
    fflt_clz.o(x$fpl$ffltn) refers (Special) to usenofp.o(x$fpl$usenofp) for __I$use$fp
    fmul.o(x$fpl$fmul) refers (Special) to usenofp.o(x$fpl$usenofp) for __I$use$fp
    fmul.o(x$fpl$fmul) refers to fretinf.o(x$fpl$fretinf) for __fpl_fretinf
    fmul.o(x$fpl$fmul) refers to fnaninf.o(x$fpl$fnaninf) for __fpl_fnaninf
    __rtentry.o(.ARM.Collect$$rtentry$$00000000) refers (Special) to __rtentry2.o(.ARM.Collect$$rtentry$$0000000A) for __rt_entry_li
    __rtentry.o(.ARM.Collect$$rtentry$$00000000) refers (Special) to __rtentry2.o(.ARM.Collect$$rtentry$$0000000D) for __rt_entry_main
    __rtentry.o(.ARM.Collect$$rtentry$$00000000) refers (Special) to __rtentry2.o(.ARM.Collect$$rtentry$$0000000C) for __rt_entry_postli_1
    __rtentry.o(.ARM.Collect$$rtentry$$00000000) refers (Special) to __rtentry2.o(.ARM.Collect$$rtentry$$00000009) for __rt_entry_postsh_1
    __rtentry.o(.ARM.Collect$$rtentry$$00000000) refers (Special) to __rtentry2.o(.ARM.Collect$$rtentry$$00000002) for __rt_entry_presh_1
    __rtentry.o(.ARM.Collect$$rtentry$$00000000) refers (Special) to __rtentry4.o(.ARM.Collect$$rtentry$$00000004) for __rt_entry_sh
    fnaninf.o(x$fpl$fnaninf) refers (Special) to usenofp.o(x$fpl$usenofp) for __I$use$fp
    fretinf.o(x$fpl$fretinf) refers (Special) to usenofp.o(x$fpl$usenofp) for __I$use$fp
    __rtentry2.o(.ARM.Collect$$rtentry$$00000008) refers to boardinit2.o(.text) for _platform_post_stackheap_init
    __rtentry2.o(.ARM.Collect$$rtentry$$0000000A) refers to libinit.o(.ARM.Collect$$libinit$$00000000) for __rt_lib_init
    __rtentry2.o(.ARM.Collect$$rtentry$$0000000B) refers to boardinit3.o(.text) for _platform_post_lib_init
    __rtentry2.o(.ARM.Collect$$rtentry$$0000000D) refers to main.o(i.main) for main
    __rtentry2.o(.ARM.Collect$$rtentry$$0000000D) refers to exit.o(.text) for exit
    __rtentry2.o(.ARM.exidx) refers to __rtentry2.o(.ARM.Collect$$rtentry$$00000001) for .ARM.Collect$$rtentry$$00000001
    __rtentry2.o(.ARM.exidx) refers to __rtentry2.o(.ARM.Collect$$rtentry$$00000008) for .ARM.Collect$$rtentry$$00000008
    __rtentry2.o(.ARM.exidx) refers to __rtentry2.o(.ARM.Collect$$rtentry$$0000000A) for .ARM.Collect$$rtentry$$0000000A
    __rtentry2.o(.ARM.exidx) refers to __rtentry2.o(.ARM.Collect$$rtentry$$0000000B) for .ARM.Collect$$rtentry$$0000000B
    __rtentry2.o(.ARM.exidx) refers to __rtentry2.o(.ARM.Collect$$rtentry$$0000000D) for .ARM.Collect$$rtentry$$0000000D
    __rtentry4.o(.ARM.Collect$$rtentry$$00000004) refers to sys_stackheap_outer.o(.text) for __user_setup_stackheap
    __rtentry4.o(.ARM.exidx) refers to __rtentry4.o(.ARM.Collect$$rtentry$$00000004) for .ARM.Collect$$rtentry$$00000004
    sys_stackheap_outer.o(.text) refers to libspace.o(.text) for __user_perproc_libspace
    sys_stackheap_outer.o(.text) refers to startup_stm32f10x_hd.o(.text) for __user_initial_stackheap
    exit.o(.text) refers to rtexit.o(.ARM.Collect$$rtexit$$00000000) for __rt_exit
    libinit.o(.ARM.Collect$$libinit$$00000000) refers (Special) to libinit2.o(.ARM.Collect$$libinit$$0000002E) for __rt_lib_init_alloca_1
    libinit.o(.ARM.Collect$$libinit$$00000000) refers (Special) to libinit2.o(.ARM.Collect$$libinit$$0000002C) for __rt_lib_init_argv_1
    libinit.o(.ARM.Collect$$libinit$$00000000) refers (Special) to libinit2.o(.ARM.Collect$$libinit$$0000001B) for __rt_lib_init_atexit_1
    libinit.o(.ARM.Collect$$libinit$$00000000) refers (Special) to libinit2.o(.ARM.Collect$$libinit$$00000021) for __rt_lib_init_clock_1
    libinit.o(.ARM.Collect$$libinit$$00000000) refers (Special) to libinit2.o(.ARM.Collect$$libinit$$00000032) for __rt_lib_init_cpp_1
    libinit.o(.ARM.Collect$$libinit$$00000000) refers (Special) to libinit2.o(.ARM.Collect$$libinit$$00000030) for __rt_lib_init_exceptions_1
    libinit.o(.ARM.Collect$$libinit$$00000000) refers (Special) to libinit2.o(.ARM.Collect$$libinit$$00000002) for __rt_lib_init_fp_1
    libinit.o(.ARM.Collect$$libinit$$00000000) refers (Special) to libinit2.o(.ARM.Collect$$libinit$$0000001F) for __rt_lib_init_fp_trap_1
    libinit.o(.ARM.Collect$$libinit$$00000000) refers (Special) to libinit2.o(.ARM.Collect$$libinit$$00000023) for __rt_lib_init_getenv_1
    libinit.o(.ARM.Collect$$libinit$$00000000) refers (Special) to libinit2.o(.ARM.Collect$$libinit$$0000000A) for __rt_lib_init_heap_1
    libinit.o(.ARM.Collect$$libinit$$00000000) refers (Special) to libinit2.o(.ARM.Collect$$libinit$$00000011) for __rt_lib_init_lc_collate_1
    libinit.o(.ARM.Collect$$libinit$$00000000) refers (Special) to libinit2.o(.ARM.Collect$$libinit$$00000013) for __rt_lib_init_lc_ctype_1
    libinit.o(.ARM.Collect$$libinit$$00000000) refers (Special) to libinit2.o(.ARM.Collect$$libinit$$00000015) for __rt_lib_init_lc_monetary_1
    libinit.o(.ARM.Collect$$libinit$$00000000) refers (Special) to libinit2.o(.ARM.Collect$$libinit$$00000017) for __rt_lib_init_lc_numeric_1
    libinit.o(.ARM.Collect$$libinit$$00000000) refers (Special) to libinit2.o(.ARM.Collect$$libinit$$00000019) for __rt_lib_init_lc_time_1
    libinit.o(.ARM.Collect$$libinit$$00000000) refers (Special) to libinit2.o(.ARM.Collect$$libinit$$00000004) for __rt_lib_init_preinit_1
    libinit.o(.ARM.Collect$$libinit$$00000000) refers (Special) to libinit2.o(.ARM.Collect$$libinit$$0000000E) for __rt_lib_init_rand_1
    libinit.o(.ARM.Collect$$libinit$$00000000) refers (Special) to libinit2.o(.ARM.Collect$$libinit$$00000033) for __rt_lib_init_return
    libinit.o(.ARM.Collect$$libinit$$00000000) refers (Special) to libinit2.o(.ARM.Collect$$libinit$$0000001D) for __rt_lib_init_signal_1
    libinit.o(.ARM.Collect$$libinit$$00000000) refers (Special) to libinit2.o(.ARM.Collect$$libinit$$00000025) for __rt_lib_init_stdio_1
    libinit.o(.ARM.Collect$$libinit$$00000000) refers (Special) to libinit2.o(.ARM.Collect$$libinit$$0000000C) for __rt_lib_init_user_alloc_1
    libspace.o(.text) refers to libspace.o(.bss) for __libspace_start
    rtexit.o(.ARM.Collect$$rtexit$$00000000) refers (Special) to rtexit2.o(.ARM.Collect$$rtexit$$00000004) for __rt_exit_exit
    rtexit.o(.ARM.Collect$$rtexit$$00000000) refers (Special) to rtexit2.o(.ARM.Collect$$rtexit$$00000003) for __rt_exit_ls
    rtexit.o(.ARM.Collect$$rtexit$$00000000) refers (Special) to rtexit2.o(.ARM.Collect$$rtexit$$00000002) for __rt_exit_prels_1
    rtexit.o(.ARM.exidx) refers (Special) to rtexit2.o(.ARM.Collect$$rtexit$$00000004) for __rt_exit_exit
    rtexit.o(.ARM.exidx) refers (Special) to rtexit2.o(.ARM.Collect$$rtexit$$00000003) for __rt_exit_ls
    rtexit.o(.ARM.exidx) refers (Special) to rtexit2.o(.ARM.Collect$$rtexit$$00000002) for __rt_exit_prels_1
    rtexit.o(.ARM.exidx) refers to rtexit.o(.ARM.Collect$$rtexit$$00000000) for .ARM.Collect$$rtexit$$00000000
    libinit2.o(.ARM.Collect$$libinit$$00000010) refers to libinit2.o(.ARM.Collect$$libinit$$0000000F) for .ARM.Collect$$libinit$$0000000F
    libinit2.o(.ARM.Collect$$libinit$$00000012) refers to libinit2.o(.ARM.Collect$$libinit$$0000000F) for .ARM.Collect$$libinit$$0000000F
    libinit2.o(.ARM.Collect$$libinit$$00000014) refers to libinit2.o(.ARM.Collect$$libinit$$0000000F) for .ARM.Collect$$libinit$$0000000F
    libinit2.o(.ARM.Collect$$libinit$$00000016) refers to libinit2.o(.ARM.Collect$$libinit$$0000000F) for .ARM.Collect$$libinit$$0000000F
    libinit2.o(.ARM.Collect$$libinit$$00000018) refers to libinit2.o(.ARM.Collect$$libinit$$0000000F) for .ARM.Collect$$libinit$$0000000F
    libinit2.o(.ARM.Collect$$libinit$$00000026) refers to argv_veneer.o(.emb_text) for __ARM_argv_veneer
    libinit2.o(.ARM.Collect$$libinit$$00000027) refers to argv_veneer.o(.emb_text) for __ARM_argv_veneer
    rtexit2.o(.ARM.Collect$$rtexit$$00000003) refers to libshutdown.o(.ARM.Collect$$libshutdown$$00000000) for __rt_lib_shutdown
    rtexit2.o(.ARM.Collect$$rtexit$$00000004) refers to sys_exit.o(.text) for _sys_exit
    rtexit2.o(.ARM.exidx) refers to rtexit2.o(.ARM.Collect$$rtexit$$00000001) for .ARM.Collect$$rtexit$$00000001
    rtexit2.o(.ARM.exidx) refers to rtexit2.o(.ARM.Collect$$rtexit$$00000003) for .ARM.Collect$$rtexit$$00000003
    rtexit2.o(.ARM.exidx) refers to rtexit2.o(.ARM.Collect$$rtexit$$00000004) for .ARM.Collect$$rtexit$$00000004
    argv_veneer.o(.emb_text) refers to no_argv.o(.text) for __ARM_get_argv
    sys_exit.o(.text) refers (Special) to use_no_semi.o(.text) for __I$use$semihosting
    sys_exit.o(.text) refers (Special) to indicate_semi.o(.text) for __semihosting_library_function
    _get_argv_nomalloc.o(.text) refers (Special) to hrguard.o(.text) for __heap_region$guard
    _get_argv_nomalloc.o(.text) refers to defsig_rtmem_outer.o(.text) for __rt_SIGRTMEM
    _get_argv_nomalloc.o(.text) refers to sys_command.o(.text) for _sys_command_string
    libshutdown.o(.ARM.Collect$$libshutdown$$00000000) refers (Special) to libshutdown2.o(.ARM.Collect$$libshutdown$$00000006) for __rt_lib_shutdown_fp_trap_1
    libshutdown.o(.ARM.Collect$$libshutdown$$00000000) refers (Special) to libshutdown2.o(.ARM.Collect$$libshutdown$$0000000E) for __rt_lib_shutdown_heap_1
    libshutdown.o(.ARM.Collect$$libshutdown$$00000000) refers (Special) to libshutdown2.o(.ARM.Collect$$libshutdown$$0000000F) for __rt_lib_shutdown_return
    libshutdown.o(.ARM.Collect$$libshutdown$$00000000) refers (Special) to libshutdown2.o(.ARM.Collect$$libshutdown$$00000009) for __rt_lib_shutdown_signal_1
    libshutdown.o(.ARM.Collect$$libshutdown$$00000000) refers (Special) to libshutdown2.o(.ARM.Collect$$libshutdown$$00000003) for __rt_lib_shutdown_stdio_1
    libshutdown.o(.ARM.Collect$$libshutdown$$00000000) refers (Special) to libshutdown2.o(.ARM.Collect$$libshutdown$$0000000B) for __rt_lib_shutdown_user_alloc_1
    sys_command.o(.text) refers (Special) to use_no_semi.o(.text) for __I$use$semihosting
    sys_command.o(.text) refers (Special) to indicate_semi.o(.text) for __semihosting_library_function
    defsig_rtmem_outer.o(.text) refers to defsig_rtmem_inner.o(.text) for __rt_SIGRTMEM_inner
    defsig_rtmem_outer.o(.text) refers to defsig_exit.o(.text) for __sig_exit
    defsig_rtmem_formal.o(.text) refers to rt_raise.o(.text) for __rt_raise
    rt_raise.o(.text) refers to __raise.o(.text) for __raise
    rt_raise.o(.text) refers to sys_exit.o(.text) for _sys_exit
    defsig_exit.o(.text) refers to sys_exit.o(.text) for _sys_exit
    defsig_rtmem_inner.o(.text) refers to defsig_general.o(.text) for __default_signal_display
    __raise.o(.text) refers to defsig.o(CL$$defsig) for __default_signal_handler
    defsig_general.o(.text) refers to sys_wrch.o(.text) for _ttywrch
    sys_wrch.o(.text) refers (Special) to use_no_semi.o(.text) for __I$use$semihosting
    sys_wrch.o(.text) refers (Special) to indicate_semi.o(.text) for __semihosting_library_function
    defsig.o(CL$$defsig) refers to defsig_rtmem_inner.o(.text) for __rt_SIGRTMEM_inner
    defsig_abrt_inner.o(.text) refers to defsig_general.o(.text) for __default_signal_display
    defsig_fpe_inner.o(.text) refers to defsig_general.o(.text) for __default_signal_display
    defsig_rtred_inner.o(.text) refers to defsig_general.o(.text) for __default_signal_display
    defsig_stak_inner.o(.text) refers to defsig_general.o(.text) for __default_signal_display
    defsig_pvfn_inner.o(.text) refers to defsig_general.o(.text) for __default_signal_display
    defsig_cppl_inner.o(.text) refers to defsig_general.o(.text) for __default_signal_display
    defsig_segv_inner.o(.text) refers to defsig_general.o(.text) for __default_signal_display
    defsig_other.o(.text) refers to defsig_general.o(.text) for __default_signal_display


==============================================================================

Removing Unused input sections from the image.

    Removing stm32f10x_rcc.o(i.RCC_ADCCLKConfig), (24 bytes).
    Removing stm32f10x_rcc.o(i.RCC_AHBPeriphClockCmd), (32 bytes).
    Removing stm32f10x_rcc.o(i.RCC_APB1PeriphClockCmd), (32 bytes).
    Removing stm32f10x_rcc.o(i.RCC_APB1PeriphResetCmd), (32 bytes).
    Removing stm32f10x_rcc.o(i.RCC_APB2PeriphClockCmd), (32 bytes).
    Removing stm32f10x_rcc.o(i.RCC_APB2PeriphResetCmd), (32 bytes).
    Removing stm32f10x_rcc.o(i.RCC_AdjustHSICalibrationValue), (24 bytes).
    Removing stm32f10x_rcc.o(i.RCC_BackupResetCmd), (12 bytes).
    Removing stm32f10x_rcc.o(i.RCC_ClearFlag), (20 bytes).
    Removing stm32f10x_rcc.o(i.RCC_ClearITPendingBit), (12 bytes).
    Removing stm32f10x_rcc.o(i.RCC_ClockSecuritySystemCmd), (12 bytes).
    Removing stm32f10x_rcc.o(i.RCC_DeInit), (76 bytes).
    Removing stm32f10x_rcc.o(i.RCC_GetClocksFreq), (212 bytes).
    Removing stm32f10x_rcc.o(i.RCC_GetFlagStatus), (60 bytes).
    Removing stm32f10x_rcc.o(i.RCC_GetITStatus), (24 bytes).
    Removing stm32f10x_rcc.o(i.RCC_GetSYSCLKSource), (16 bytes).
    Removing stm32f10x_rcc.o(i.RCC_HCLKConfig), (24 bytes).
    Removing stm32f10x_rcc.o(i.RCC_HSEConfig), (76 bytes).
    Removing stm32f10x_rcc.o(i.RCC_HSICmd), (12 bytes).
    Removing stm32f10x_rcc.o(i.RCC_ITConfig), (32 bytes).
    Removing stm32f10x_rcc.o(i.RCC_LSEConfig), (52 bytes).
    Removing stm32f10x_rcc.o(i.RCC_LSICmd), (12 bytes).
    Removing stm32f10x_rcc.o(i.RCC_MCOConfig), (12 bytes).
    Removing stm32f10x_rcc.o(i.RCC_PCLK1Config), (24 bytes).
    Removing stm32f10x_rcc.o(i.RCC_PCLK2Config), (24 bytes).
    Removing stm32f10x_rcc.o(i.RCC_PLLCmd), (12 bytes).
    Removing stm32f10x_rcc.o(i.RCC_PLLConfig), (28 bytes).
    Removing stm32f10x_rcc.o(i.RCC_RTCCLKCmd), (12 bytes).
    Removing stm32f10x_rcc.o(i.RCC_RTCCLKConfig), (16 bytes).
    Removing stm32f10x_rcc.o(i.RCC_SYSCLKConfig), (24 bytes).
    Removing stm32f10x_rcc.o(i.RCC_USBCLKConfig), (12 bytes).
    Removing stm32f10x_rcc.o(i.RCC_WaitForHSEStartUp), (56 bytes).
    Removing stm32f10x_rcc.o(.data), (20 bytes).
    Removing stm32f10x_gpio.o(i.GPIO_AFIODeInit), (20 bytes).
    Removing stm32f10x_gpio.o(i.GPIO_DeInit), (200 bytes).
    Removing stm32f10x_gpio.o(i.GPIO_ETH_MediaInterfaceConfig), (12 bytes).
    Removing stm32f10x_gpio.o(i.GPIO_EXTILineConfig), (64 bytes).
    Removing stm32f10x_gpio.o(i.GPIO_EventOutputCmd), (12 bytes).
    Removing stm32f10x_gpio.o(i.GPIO_EventOutputConfig), (32 bytes).
    Removing stm32f10x_gpio.o(i.GPIO_Init), (278 bytes).
    Removing stm32f10x_gpio.o(i.GPIO_PinLockConfig), (18 bytes).
    Removing stm32f10x_gpio.o(i.GPIO_PinRemapConfig), (144 bytes).
    Removing stm32f10x_gpio.o(i.GPIO_ReadInputData), (8 bytes).
    Removing stm32f10x_gpio.o(i.GPIO_ReadInputDataBit), (18 bytes).
    Removing stm32f10x_gpio.o(i.GPIO_ReadOutputData), (8 bytes).
    Removing stm32f10x_gpio.o(i.GPIO_ReadOutputDataBit), (18 bytes).
    Removing stm32f10x_gpio.o(i.GPIO_ResetBits), (4 bytes).
    Removing stm32f10x_gpio.o(i.GPIO_SetBits), (4 bytes).
    Removing stm32f10x_gpio.o(i.GPIO_StructInit), (16 bytes).
    Removing stm32f10x_gpio.o(i.GPIO_Write), (4 bytes).
    Removing stm32f10x_gpio.o(i.GPIO_WriteBit), (10 bytes).
    Removing core_cm3.o(.emb_text), (32 bytes).
    Removing system_stm32f10x.o(i.SystemCoreClockUpdate), (164 bytes).
    Removing system_stm32f10x.o(.data), (20 bytes).
    Removing ierg3810_buzzer.o(i.IERG3810_Buzzer_INIT), (52 bytes).
    Removing ierg3810_key.o(i.IERG3810_KEY_INIT), (104 bytes).
    Removing main.o(i.IERG3810_TFTLCD_SevenSegment), (1496 bytes).
    Removing main.o(i.IERG3810_TFTLCD_ShowChar), (236 bytes).
    Removing main.o(i.IERG3810_TFTLCD_ShowChinChar), (208 bytes).

59 unused section(s) (total 4282 bytes) removed from the image.

==============================================================================

Image Symbol Table

    Local Symbols

    Symbol Name                              Value     Ov Type        Size  Object(Section)

    ../clib/angel/boardlib.s                 0x00000000   Number         0  boardinit3.o ABSOLUTE
    ../clib/angel/boardlib.s                 0x00000000   Number         0  boardshut.o ABSOLUTE
    ../clib/angel/boardlib.s                 0x00000000   Number         0  boardinit2.o ABSOLUTE
    ../clib/angel/boardlib.s                 0x00000000   Number         0  boardinit1.o ABSOLUTE
    ../clib/angel/dczerorl2.s                0x00000000   Number         0  __dczerorl2.o ABSOLUTE
    ../clib/angel/handlers.s                 0x00000000   Number         0  __scatter_zi.o ABSOLUTE
    ../clib/angel/kernel.s                   0x00000000   Number         0  rtexit2.o ABSOLUTE
    ../clib/angel/kernel.s                   0x00000000   Number         0  __rtentry2.o ABSOLUTE
    ../clib/angel/kernel.s                   0x00000000   Number         0  __rtentry.o ABSOLUTE
    ../clib/angel/kernel.s                   0x00000000   Number         0  rtexit.o ABSOLUTE
    ../clib/angel/kernel.s                   0x00000000   Number         0  __rtentry4.o ABSOLUTE
    ../clib/angel/rt.s                       0x00000000   Number         0  rt_raise.o ABSOLUTE
    ../clib/angel/scatter.s                  0x00000000   Number         0  __scatter.o ABSOLUTE
    ../clib/angel/startup.s                  0x00000000   Number         0  __main.o ABSOLUTE
    ../clib/angel/sys.s                      0x00000000   Number         0  sys_stackheap_outer.o ABSOLUTE
    ../clib/angel/sys.s                      0x00000000   Number         0  use_no_semi.o ABSOLUTE
    ../clib/angel/sys.s                      0x00000000   Number         0  indicate_semi.o ABSOLUTE
    ../clib/angel/sys.s                      0x00000000   Number         0  libspace.o ABSOLUTE
    ../clib/angel/sysapp.c                   0x00000000   Number         0  sys_exit.o ABSOLUTE
    ../clib/angel/sysapp.c                   0x00000000   Number         0  sys_wrch.o ABSOLUTE
    ../clib/angel/sysapp.c                   0x00000000   Number         0  sys_command.o ABSOLUTE
    ../clib/armsys.c                         0x00000000   Number         0  argv_veneer.o ABSOLUTE
    ../clib/armsys.c                         0x00000000   Number         0  _get_argv_nomalloc.o ABSOLUTE
    ../clib/armsys.c                         0x00000000   Number         0  no_argv.o ABSOLUTE
    ../clib/armsys.c                         0x00000000   Number         0  argv_veneer.o ABSOLUTE
    ../clib/heapalloc.c                      0x00000000   Number         0  hrguard.o ABSOLUTE
    ../clib/heapaux.c                        0x00000000   Number         0  heapauxi.o ABSOLUTE
    ../clib/libinit.s                        0x00000000   Number         0  libshutdown.o ABSOLUTE
    ../clib/libinit.s                        0x00000000   Number         0  libshutdown2.o ABSOLUTE
    ../clib/libinit.s                        0x00000000   Number         0  libinit2.o ABSOLUTE
    ../clib/libinit.s                        0x00000000   Number         0  libinit.o ABSOLUTE
    ../clib/signal.c                         0x00000000   Number         0  defsig_general.o ABSOLUTE
    ../clib/signal.c                         0x00000000   Number         0  __raise.o ABSOLUTE
    ../clib/signal.c                         0x00000000   Number         0  defsig_other.o ABSOLUTE
    ../clib/signal.c                         0x00000000   Number         0  defsig_rtmem_formal.o ABSOLUTE
    ../clib/signal.c                         0x00000000   Number         0  defsig_rtmem_outer.o ABSOLUTE
    ../clib/signal.c                         0x00000000   Number         0  defsig_exit.o ABSOLUTE
    ../clib/signal.c                         0x00000000   Number         0  defsig_segv_inner.o ABSOLUTE
    ../clib/signal.c                         0x00000000   Number         0  defsig_rtred_inner.o ABSOLUTE
    ../clib/signal.c                         0x00000000   Number         0  defsig_rtmem_inner.o ABSOLUTE
    ../clib/signal.c                         0x00000000   Number         0  defsig_cppl_inner.o ABSOLUTE
    ../clib/signal.c                         0x00000000   Number         0  defsig_pvfn_inner.o ABSOLUTE
    ../clib/signal.c                         0x00000000   Number         0  defsig_stak_inner.o ABSOLUTE
    ../clib/signal.c                         0x00000000   Number         0  defsig_fpe_inner.o ABSOLUTE
    ../clib/signal.c                         0x00000000   Number         0  defsig_abrt_inner.o ABSOLUTE
    ../clib/signal.s                         0x00000000   Number         0  defsig.o ABSOLUTE
    ../clib/stdlib.c                         0x00000000   Number         0  exit.o ABSOLUTE
    ../fplib/faddsub.s                       0x00000000   Number         0  faddsub_clz.o ABSOLUTE
    ../fplib/fdiv.s                          0x00000000   Number         0  fdiv.o ABSOLUTE
    ../fplib/ffixu.s                         0x00000000   Number         0  ffixu.o ABSOLUTE
    ../fplib/fflt.s                          0x00000000   Number         0  fflt_clz.o ABSOLUTE
    ../fplib/fmul.s                          0x00000000   Number         0  fmul.o ABSOLUTE
    ../fplib/fnaninf.s                       0x00000000   Number         0  fnaninf.o ABSOLUTE
    ../fplib/fpinit.s                        0x00000000   Number         0  fpinit.o ABSOLUTE
    ../fplib/fretinf.s                       0x00000000   Number         0  fretinf.o ABSOLUTE
    ../fplib/usenofp.s                       0x00000000   Number         0  usenofp.o ABSOLUTE
    Board\IERG3810_Buzzer.c                  0x00000000   Number         0  ierg3810_buzzer.o ABSOLUTE
    Board\IERG3810_Clock.c                   0x00000000   Number         0  ierg3810_clock.o ABSOLUTE
    Board\IERG3810_KEY.c                     0x00000000   Number         0  ierg3810_key.o ABSOLUTE
    Board\IERG3810_LED.c                     0x00000000   Number         0  ierg3810_led.o ABSOLUTE
    Board\IERG3810_USART.c                   0x00000000   Number         0  ierg3810_usart.o ABSOLUTE
    Core\\core_cm3.c                         0x00000000   Number         0  core_cm3.o ABSOLUTE
    Core\core_cm3.c                          0x00000000   Number         0  core_cm3.o ABSOLUTE
    Core\startup_stm32f10x_hd.s              0x00000000   Number         0  startup_stm32f10x_hd.o ABSOLUTE
    Core\system_stm32f10x.c                  0x00000000   Number         0  system_stm32f10x.o ABSOLUTE
    Fw_lib\src\stm32f10x_gpio.c              0x00000000   Number         0  stm32f10x_gpio.o ABSOLUTE
    Fw_lib\src\stm32f10x_rcc.c               0x00000000   Number         0  stm32f10x_rcc.o ABSOLUTE
    User\main.c                              0x00000000   Number         0  main.o ABSOLUTE
    User\stm32f10x_it.c                      0x00000000   Number         0  stm32f10x_it.o ABSOLUTE
    dc.s                                     0x00000000   Number         0  dc.o ABSOLUTE
    RESET                                    0x08000000   Section      304  startup_stm32f10x_hd.o(RESET)
    !!!main                                  0x08000130   Section        8  __main.o(!!!main)
    !!!scatter                               0x08000138   Section       52  __scatter.o(!!!scatter)
    !!dczerorl2                              0x0800016c   Section       90  __dczerorl2.o(!!dczerorl2)
    !!handler_zi                             0x080001c8   Section       28  __scatter_zi.o(!!handler_zi)
    .ARM.Collect$$libinit$$00000000          0x080001e4   Section        2  libinit.o(.ARM.Collect$$libinit$$00000000)
    .ARM.Collect$$libinit$$00000002          0x080001e6   Section        0  libinit2.o(.ARM.Collect$$libinit$$00000002)
    .ARM.Collect$$libinit$$00000004          0x080001e6   Section        0  libinit2.o(.ARM.Collect$$libinit$$00000004)
    .ARM.Collect$$libinit$$0000000A          0x080001e6   Section        0  libinit2.o(.ARM.Collect$$libinit$$0000000A)
    .ARM.Collect$$libinit$$0000000C          0x080001e6   Section        0  libinit2.o(.ARM.Collect$$libinit$$0000000C)
    .ARM.Collect$$libinit$$0000000E          0x080001e6   Section        0  libinit2.o(.ARM.Collect$$libinit$$0000000E)
    .ARM.Collect$$libinit$$00000011          0x080001e6   Section        0  libinit2.o(.ARM.Collect$$libinit$$00000011)
    .ARM.Collect$$libinit$$00000013          0x080001e6   Section        0  libinit2.o(.ARM.Collect$$libinit$$00000013)
    .ARM.Collect$$libinit$$00000015          0x080001e6   Section        0  libinit2.o(.ARM.Collect$$libinit$$00000015)
    .ARM.Collect$$libinit$$00000017          0x080001e6   Section        0  libinit2.o(.ARM.Collect$$libinit$$00000017)
    .ARM.Collect$$libinit$$00000019          0x080001e6   Section        0  libinit2.o(.ARM.Collect$$libinit$$00000019)
    .ARM.Collect$$libinit$$0000001B          0x080001e6   Section        0  libinit2.o(.ARM.Collect$$libinit$$0000001B)
    .ARM.Collect$$libinit$$0000001D          0x080001e6   Section        0  libinit2.o(.ARM.Collect$$libinit$$0000001D)
    .ARM.Collect$$libinit$$0000001F          0x080001e6   Section        0  libinit2.o(.ARM.Collect$$libinit$$0000001F)
    .ARM.Collect$$libinit$$00000021          0x080001e6   Section        0  libinit2.o(.ARM.Collect$$libinit$$00000021)
    .ARM.Collect$$libinit$$00000023          0x080001e6   Section        0  libinit2.o(.ARM.Collect$$libinit$$00000023)
    .ARM.Collect$$libinit$$00000025          0x080001e6   Section        0  libinit2.o(.ARM.Collect$$libinit$$00000025)
    .ARM.Collect$$libinit$$0000002C          0x080001e6   Section        0  libinit2.o(.ARM.Collect$$libinit$$0000002C)
    .ARM.Collect$$libinit$$0000002E          0x080001e6   Section        0  libinit2.o(.ARM.Collect$$libinit$$0000002E)
    .ARM.Collect$$libinit$$00000030          0x080001e6   Section        0  libinit2.o(.ARM.Collect$$libinit$$00000030)
    .ARM.Collect$$libinit$$00000032          0x080001e6   Section        0  libinit2.o(.ARM.Collect$$libinit$$00000032)
    .ARM.Collect$$libinit$$00000033          0x080001e6   Section        2  libinit2.o(.ARM.Collect$$libinit$$00000033)
    .ARM.Collect$$libshutdown$$00000000      0x080001e8   Section        2  libshutdown.o(.ARM.Collect$$libshutdown$$00000000)
    .ARM.Collect$$libshutdown$$00000003      0x080001ea   Section        0  libshutdown2.o(.ARM.Collect$$libshutdown$$00000003)
    .ARM.Collect$$libshutdown$$00000006      0x080001ea   Section        0  libshutdown2.o(.ARM.Collect$$libshutdown$$00000006)
    .ARM.Collect$$libshutdown$$00000009      0x080001ea   Section        0  libshutdown2.o(.ARM.Collect$$libshutdown$$00000009)
    .ARM.Collect$$libshutdown$$0000000B      0x080001ea   Section        0  libshutdown2.o(.ARM.Collect$$libshutdown$$0000000B)
    .ARM.Collect$$libshutdown$$0000000E      0x080001ea   Section        0  libshutdown2.o(.ARM.Collect$$libshutdown$$0000000E)
    .ARM.Collect$$libshutdown$$0000000F      0x080001ea   Section        2  libshutdown2.o(.ARM.Collect$$libshutdown$$0000000F)
    .ARM.Collect$$rtentry$$00000000          0x080001ec   Section        0  __rtentry.o(.ARM.Collect$$rtentry$$00000000)
    .ARM.Collect$$rtentry$$00000002          0x080001ec   Section        0  __rtentry2.o(.ARM.Collect$$rtentry$$00000002)
    .ARM.Collect$$rtentry$$00000004          0x080001ec   Section        6  __rtentry4.o(.ARM.Collect$$rtentry$$00000004)
    .ARM.Collect$$rtentry$$00000009          0x080001f2   Section        0  __rtentry2.o(.ARM.Collect$$rtentry$$00000009)
    .ARM.Collect$$rtentry$$0000000A          0x080001f2   Section        4  __rtentry2.o(.ARM.Collect$$rtentry$$0000000A)
    .ARM.Collect$$rtentry$$0000000C          0x080001f6   Section        0  __rtentry2.o(.ARM.Collect$$rtentry$$0000000C)
    .ARM.Collect$$rtentry$$0000000D          0x080001f6   Section        8  __rtentry2.o(.ARM.Collect$$rtentry$$0000000D)
    .ARM.Collect$$rtexit$$00000000           0x080001fe   Section        2  rtexit.o(.ARM.Collect$$rtexit$$00000000)
    .ARM.Collect$$rtexit$$00000002           0x08000200   Section        0  rtexit2.o(.ARM.Collect$$rtexit$$00000002)
    .ARM.Collect$$rtexit$$00000003           0x08000200   Section        4  rtexit2.o(.ARM.Collect$$rtexit$$00000003)
    .ARM.Collect$$rtexit$$00000004           0x08000204   Section        6  rtexit2.o(.ARM.Collect$$rtexit$$00000004)
    .text                                    0x0800020c   Section       64  startup_stm32f10x_hd.o(.text)
    .text                                    0x0800024c   Section        0  heapauxi.o(.text)
    .text                                    0x08000252   Section       74  sys_stackheap_outer.o(.text)
    .text                                    0x0800029c   Section        0  exit.o(.text)
    .text                                    0x080002a8   Section        8  libspace.o(.text)
    .text                                    0x080002b0   Section        0  sys_exit.o(.text)
    .text                                    0x080002bc   Section        2  use_no_semi.o(.text)
    .text                                    0x080002be   Section        0  indicate_semi.o(.text)
    i.BusFault_Handler                       0x080002be   Section        0  stm32f10x_it.o(i.BusFault_Handler)
    i.DebugMon_Handler                       0x080002c2   Section        0  stm32f10x_it.o(i.DebugMon_Handler)
    i.Delay                                  0x080002c4   Section        0  main.o(i.Delay)
    i.EXTI15_10_IRQHandler                   0x080002d0   Section        0  main.o(i.EXTI15_10_IRQHandler)
    i.EXTI2_IRQHandler                       0x080004b4   Section        0  main.o(i.EXTI2_IRQHandler)
    i.HardFault_Handler                      0x080004c8   Section        0  stm32f10x_it.o(i.HardFault_Handler)
    i.IERG3810_LED_INIT                      0x080004cc   Section        0  ierg3810_led.o(i.IERG3810_LED_INIT)
    i.IERG3810_NVIC_SetPriorityGroup         0x08000520   Section        0  main.o(i.IERG3810_NVIC_SetPriorityGroup)
    i.IERG3810_PS2key_ExtiInit               0x08000548   Section        0  main.o(i.IERG3810_PS2key_ExtiInit)
    i.IERG3810_PrintInstrut                  0x080005f0   Section        0  main.o(i.IERG3810_PrintInstrut)
    i.IERG3810_PrintMenu                     0x08000854   Section        0  main.o(i.IERG3810_PrintMenu)
    i.IERG3810_SYSTICK_Init10ms              0x08000ad8   Section        0  main.o(i.IERG3810_SYSTICK_Init10ms)
    i.IERG3810_TFTLCD_DrawDot                0x08000af4   Section        0  main.o(i.IERG3810_TFTLCD_DrawDot)
    i.IERG3810_TFTLCD_FillRectangle          0x08000b44   Section        0  main.o(i.IERG3810_TFTLCD_FillRectangle)
    i.IERG3810_TFTLCD_Init                   0x08000bbc   Section        0  main.o(i.IERG3810_TFTLCD_Init)
    i.IERG3810_TFTLCD_SetParameter           0x08000d2c   Section        0  main.o(i.IERG3810_TFTLCD_SetParameter)
    i.IERG3810_TFTLCD_ShowChar_Overlay       0x08000d5c   Section        0  main.o(i.IERG3810_TFTLCD_ShowChar_Overlay)
    i.IERG3810_TFTLCD_ShowChinChar_Overlay   0x08000df4   Section        0  main.o(i.IERG3810_TFTLCD_ShowChinChar_Overlay)
    i.IERG3810_TFTLCD_WrData                 0x08000e70   Section        0  main.o(i.IERG3810_TFTLCD_WrData)
    i.IERG3810_TFTLCD_WrReg                  0x08000e7c   Section        0  main.o(i.IERG3810_TFTLCD_WrReg)
    i.IERG3810_TIM3_Init                     0x08000e88   Section        0  main.o(i.IERG3810_TIM3_Init)
    i.IERG3810_USART1_init                   0x08000ee4   Section        0  ierg3810_usart.o(i.IERG3810_USART1_init)
    i.IERG3810_USART2_init                   0x08000fa8   Section        0  ierg3810_usart.o(i.IERG3810_USART2_init)
    i.IERG3810_clock_tree_init               0x0800106c   Section        0  ierg3810_clock.o(i.IERG3810_clock_tree_init)
    i.IERG3810_key2_ExtiInit                 0x08001110   Section        0  main.o(i.IERG3810_key2_ExtiInit)
    i.MemManage_Handler                      0x080011c0   Section        0  stm32f10x_it.o(i.MemManage_Handler)
    i.NMI_Handler                            0x080011c4   Section        0  stm32f10x_it.o(i.NMI_Handler)
    i.PS2key_control                         0x080011c8   Section        0  main.o(i.PS2key_control)
    i.PendSV_Handler                         0x080012e8   Section        0  stm32f10x_it.o(i.PendSV_Handler)
    i.SVC_Handler                            0x080012ea   Section        0  stm32f10x_it.o(i.SVC_Handler)
    i.SetSysClock                            0x080012ec   Section        0  system_stm32f10x.o(i.SetSysClock)
    SetSysClock                              0x080012ed   Thumb Code     8  system_stm32f10x.o(i.SetSysClock)
    i.SetSysClockTo72                        0x080012f4   Section        0  system_stm32f10x.o(i.SetSysClockTo72)
    SetSysClockTo72                          0x080012f5   Thumb Code   214  system_stm32f10x.o(i.SetSysClockTo72)
    i.SysTick_Handler                        0x080013d4   Section        0  stm32f10x_it.o(i.SysTick_Handler)
    i.SystemInit                             0x080013f4   Section        0  system_stm32f10x.o(i.SystemInit)
    i.TIM3_IRQHandler                        0x08001454   Section        0  main.o(i.TIM3_IRQHandler)
    i.USART_print                            0x080014e8   Section        0  ierg3810_usart.o(i.USART_print)
    i.UsageFault_Handler                     0x08001540   Section        0  stm32f10x_it.o(i.UsageFault_Handler)
    i.check_point                            0x08001544   Section        0  main.o(i.check_point)
    i.clear_screen                           0x0800167c   Section        0  main.o(i.clear_screen)
    i.draw_block                             0x08001694   Section        0  main.o(i.draw_block)
    i.handle_player_control                  0x08001878   Section        0  main.o(i.handle_player_control)
    i.init_game                              0x08001a44   Section        0  main.o(i.init_game)
    i.init_map                               0x08001a78   Section        0  main.o(i.init_map)
    i.main                                   0x08001e64   Section        0  main.o(i.main)
    i.start_game                             0x0800200c   Section        0  main.o(i.start_game)
    i.update_banner                          0x080022e0   Section        0  main.o(i.update_banner)
    i.update_low_banner                      0x080023f0   Section        0  main.o(i.update_low_banner)
    i.update_map                             0x0800249c   Section        0  main.o(i.update_map)
    i.update_score                           0x080025e0   Section        0  main.o(i.update_score)
    i.update_timer                           0x0800262c   Section        0  main.o(i.update_timer)
    x$fpl$fadd                               0x080026b4   Section      196  faddsub_clz.o(x$fpl$fadd)
    _fadd1                                   0x080026c3   Thumb Code     0  faddsub_clz.o(x$fpl$fadd)
    x$fpl$fdiv                               0x08002778   Section      388  fdiv.o(x$fpl$fdiv)
    _fdiv1                                   0x08002779   Thumb Code     0  fdiv.o(x$fpl$fdiv)
    x$fpl$ffixu                              0x080028fc   Section       62  ffixu.o(x$fpl$ffixu)
    x$fpl$ffltu                              0x0800293c   Section       38  fflt_clz.o(x$fpl$ffltu)
    x$fpl$fmul                               0x08002964   Section      258  fmul.o(x$fpl$fmul)
    x$fpl$fnaninf                            0x08002a66   Section      140  fnaninf.o(x$fpl$fnaninf)
    x$fpl$fretinf                            0x08002af2   Section       10  fretinf.o(x$fpl$fretinf)
    x$fpl$frsb                               0x08002afc   Section       20  faddsub_clz.o(x$fpl$frsb)
    x$fpl$fsub                               0x08002b10   Section      234  faddsub_clz.o(x$fpl$fsub)
    _fsub1                                   0x08002b1f   Thumb Code     0  faddsub_clz.o(x$fpl$fsub)
    .constdata                               0x08002bfa   Section     1712  main.o(.constdata)
    x$fpl$usenofp                            0x08002bfa   Section        0  usenofp.o(x$fpl$usenofp)
    .conststring                             0x080032ac   Section      602  main.o(.conststring)
    .data                                    0x20000000   Section     1085  main.o(.data)
    .bss                                     0x20000440   Section      432  main.o(.bss)
    .bss                                     0x200005f0   Section       96  libspace.o(.bss)
    HEAP                                     0x20000650   Section      512  startup_stm32f10x_hd.o(HEAP)
    Heap_Mem                                 0x20000650   Data         512  startup_stm32f10x_hd.o(HEAP)
    STACK                                    0x20000850   Section     1024  startup_stm32f10x_hd.o(STACK)
    Stack_Mem                                0x20000850   Data        1024  startup_stm32f10x_hd.o(STACK)
    __initial_sp                             0x20000c50   Data           0  startup_stm32f10x_hd.o(STACK)

    Global Symbols

    Symbol Name                              Value     Ov Type        Size  Object(Section)

    BuildAttributes$$THM_ISAv4$P$D$K$B$S$PE$A:L22UL41UL21$X:L11$S22US41US21$IEEE1$IW$USESV6$~STKCKD$USESV7$~SHL$OSPACE$ROPI$EBA8$UX$STANDARDLIB$REQ8$PRES8$EABIv2 0x00000000   Number         0  anon$$obj.o ABSOLUTE
    __ARM_use_no_argv                        0x00000000   Number         0  main.o ABSOLUTE
    __ARM_exceptions_init                     - Undefined Weak Reference
    __alloca_initialize                       - Undefined Weak Reference
    __arm_preinit_                            - Undefined Weak Reference
    __cpp_initialize__aeabi_                  - Undefined Weak Reference
    __cxa_finalize                            - Undefined Weak Reference
    __rt_locale                               - Undefined Weak Reference
    __sigvec_lookup                           - Undefined Weak Reference
    _atexit_init                              - Undefined Weak Reference
    _call_atexit_fns                          - Undefined Weak Reference
    _clock_init                               - Undefined Weak Reference
    _fp_trap_init                             - Undefined Weak Reference
    _fp_trap_shutdown                         - Undefined Weak Reference
    _get_lc_collate                           - Undefined Weak Reference
    _get_lc_ctype                             - Undefined Weak Reference
    _get_lc_monetary                          - Undefined Weak Reference
    _get_lc_numeric                           - Undefined Weak Reference
    _get_lc_time                              - Undefined Weak Reference
    _getenv_init                              - Undefined Weak Reference
    _handle_redirection                       - Undefined Weak Reference
    _init_alloc                               - Undefined Weak Reference
    _init_user_alloc                          - Undefined Weak Reference
    _initio                                   - Undefined Weak Reference
    _rand_init                                - Undefined Weak Reference
    _signal_finish                            - Undefined Weak Reference
    _signal_init                              - Undefined Weak Reference
    _terminate_alloc                          - Undefined Weak Reference
    _terminate_user_alloc                     - Undefined Weak Reference
    _terminateio                              - Undefined Weak Reference
    __Vectors_Size                           0x00000130   Number         0  startup_stm32f10x_hd.o ABSOLUTE
    __Vectors                                0x08000000   Data           4  startup_stm32f10x_hd.o(RESET)
    __Vectors_End                            0x08000130   Data           0  startup_stm32f10x_hd.o(RESET)
    __main                                   0x08000131   Thumb Code     8  __main.o(!!!main)
    __scatterload                            0x08000139   Thumb Code     0  __scatter.o(!!!scatter)
    __scatterload_rt2                        0x08000139   Thumb Code    44  __scatter.o(!!!scatter)
    __scatterload_rt2_thumb_only             0x08000139   Thumb Code     0  __scatter.o(!!!scatter)
    __scatterload_null                       0x08000147   Thumb Code     0  __scatter.o(!!!scatter)
    __decompress                             0x0800016d   Thumb Code    90  __dczerorl2.o(!!dczerorl2)
    __decompress1                            0x0800016d   Thumb Code     0  __dczerorl2.o(!!dczerorl2)
    __scatterload_zeroinit                   0x080001c9   Thumb Code    28  __scatter_zi.o(!!handler_zi)
    __rt_lib_init                            0x080001e5   Thumb Code     0  libinit.o(.ARM.Collect$$libinit$$00000000)
    __rt_lib_init_alloca_1                   0x080001e7   Thumb Code     0  libinit2.o(.ARM.Collect$$libinit$$0000002E)
    __rt_lib_init_argv_1                     0x080001e7   Thumb Code     0  libinit2.o(.ARM.Collect$$libinit$$0000002C)
    __rt_lib_init_atexit_1                   0x080001e7   Thumb Code     0  libinit2.o(.ARM.Collect$$libinit$$0000001B)
    __rt_lib_init_clock_1                    0x080001e7   Thumb Code     0  libinit2.o(.ARM.Collect$$libinit$$00000021)
    __rt_lib_init_cpp_1                      0x080001e7   Thumb Code     0  libinit2.o(.ARM.Collect$$libinit$$00000032)
    __rt_lib_init_exceptions_1               0x080001e7   Thumb Code     0  libinit2.o(.ARM.Collect$$libinit$$00000030)
    __rt_lib_init_fp_1                       0x080001e7   Thumb Code     0  libinit2.o(.ARM.Collect$$libinit$$00000002)
    __rt_lib_init_fp_trap_1                  0x080001e7   Thumb Code     0  libinit2.o(.ARM.Collect$$libinit$$0000001F)
    __rt_lib_init_getenv_1                   0x080001e7   Thumb Code     0  libinit2.o(.ARM.Collect$$libinit$$00000023)
    __rt_lib_init_heap_1                     0x080001e7   Thumb Code     0  libinit2.o(.ARM.Collect$$libinit$$0000000A)
    __rt_lib_init_lc_collate_1               0x080001e7   Thumb Code     0  libinit2.o(.ARM.Collect$$libinit$$00000011)
    __rt_lib_init_lc_ctype_1                 0x080001e7   Thumb Code     0  libinit2.o(.ARM.Collect$$libinit$$00000013)
    __rt_lib_init_lc_monetary_1              0x080001e7   Thumb Code     0  libinit2.o(.ARM.Collect$$libinit$$00000015)
    __rt_lib_init_lc_numeric_1               0x080001e7   Thumb Code     0  libinit2.o(.ARM.Collect$$libinit$$00000017)
    __rt_lib_init_lc_time_1                  0x080001e7   Thumb Code     0  libinit2.o(.ARM.Collect$$libinit$$00000019)
    __rt_lib_init_preinit_1                  0x080001e7   Thumb Code     0  libinit2.o(.ARM.Collect$$libinit$$00000004)
    __rt_lib_init_rand_1                     0x080001e7   Thumb Code     0  libinit2.o(.ARM.Collect$$libinit$$0000000E)
    __rt_lib_init_return                     0x080001e7   Thumb Code     0  libinit2.o(.ARM.Collect$$libinit$$00000033)
    __rt_lib_init_signal_1                   0x080001e7   Thumb Code     0  libinit2.o(.ARM.Collect$$libinit$$0000001D)
    __rt_lib_init_stdio_1                    0x080001e7   Thumb Code     0  libinit2.o(.ARM.Collect$$libinit$$00000025)
    __rt_lib_init_user_alloc_1               0x080001e7   Thumb Code     0  libinit2.o(.ARM.Collect$$libinit$$0000000C)
    __rt_lib_shutdown                        0x080001e9   Thumb Code     0  libshutdown.o(.ARM.Collect$$libshutdown$$00000000)
    __rt_lib_shutdown_fp_trap_1              0x080001eb   Thumb Code     0  libshutdown2.o(.ARM.Collect$$libshutdown$$00000006)
    __rt_lib_shutdown_heap_1                 0x080001eb   Thumb Code     0  libshutdown2.o(.ARM.Collect$$libshutdown$$0000000E)
    __rt_lib_shutdown_return                 0x080001eb   Thumb Code     0  libshutdown2.o(.ARM.Collect$$libshutdown$$0000000F)
    __rt_lib_shutdown_signal_1               0x080001eb   Thumb Code     0  libshutdown2.o(.ARM.Collect$$libshutdown$$00000009)
    __rt_lib_shutdown_stdio_1                0x080001eb   Thumb Code     0  libshutdown2.o(.ARM.Collect$$libshutdown$$00000003)
    __rt_lib_shutdown_user_alloc_1           0x080001eb   Thumb Code     0  libshutdown2.o(.ARM.Collect$$libshutdown$$0000000B)
    __rt_entry                               0x080001ed   Thumb Code     0  __rtentry.o(.ARM.Collect$$rtentry$$00000000)
    __rt_entry_presh_1                       0x080001ed   Thumb Code     0  __rtentry2.o(.ARM.Collect$$rtentry$$00000002)
    __rt_entry_sh                            0x080001ed   Thumb Code     0  __rtentry4.o(.ARM.Collect$$rtentry$$00000004)
    __rt_entry_li                            0x080001f3   Thumb Code     0  __rtentry2.o(.ARM.Collect$$rtentry$$0000000A)
    __rt_entry_postsh_1                      0x080001f3   Thumb Code     0  __rtentry2.o(.ARM.Collect$$rtentry$$00000009)
    __rt_entry_main                          0x080001f7   Thumb Code     0  __rtentry2.o(.ARM.Collect$$rtentry$$0000000D)
    __rt_entry_postli_1                      0x080001f7   Thumb Code     0  __rtentry2.o(.ARM.Collect$$rtentry$$0000000C)
    __rt_exit                                0x080001ff   Thumb Code     0  rtexit.o(.ARM.Collect$$rtexit$$00000000)
    __rt_exit_ls                             0x08000201   Thumb Code     0  rtexit2.o(.ARM.Collect$$rtexit$$00000003)
    __rt_exit_prels_1                        0x08000201   Thumb Code     0  rtexit2.o(.ARM.Collect$$rtexit$$00000002)
    __rt_exit_exit                           0x08000205   Thumb Code     0  rtexit2.o(.ARM.Collect$$rtexit$$00000004)
    Reset_Handler                            0x0800020d   Thumb Code     8  startup_stm32f10x_hd.o(.text)
    ADC1_2_IRQHandler                        0x08000227   Thumb Code     0  startup_stm32f10x_hd.o(.text)
    ADC3_IRQHandler                          0x08000227   Thumb Code     0  startup_stm32f10x_hd.o(.text)
    CAN1_RX1_IRQHandler                      0x08000227   Thumb Code     0  startup_stm32f10x_hd.o(.text)
    CAN1_SCE_IRQHandler                      0x08000227   Thumb Code     0  startup_stm32f10x_hd.o(.text)
    DMA1_Channel1_IRQHandler                 0x08000227   Thumb Code     0  startup_stm32f10x_hd.o(.text)
    DMA1_Channel2_IRQHandler                 0x08000227   Thumb Code     0  startup_stm32f10x_hd.o(.text)
    DMA1_Channel3_IRQHandler                 0x08000227   Thumb Code     0  startup_stm32f10x_hd.o(.text)
    DMA1_Channel4_IRQHandler                 0x08000227   Thumb Code     0  startup_stm32f10x_hd.o(.text)
    DMA1_Channel5_IRQHandler                 0x08000227   Thumb Code     0  startup_stm32f10x_hd.o(.text)
    DMA1_Channel6_IRQHandler                 0x08000227   Thumb Code     0  startup_stm32f10x_hd.o(.text)
    DMA1_Channel7_IRQHandler                 0x08000227   Thumb Code     0  startup_stm32f10x_hd.o(.text)
    DMA2_Channel1_IRQHandler                 0x08000227   Thumb Code     0  startup_stm32f10x_hd.o(.text)
    DMA2_Channel2_IRQHandler                 0x08000227   Thumb Code     0  startup_stm32f10x_hd.o(.text)
    DMA2_Channel3_IRQHandler                 0x08000227   Thumb Code     0  startup_stm32f10x_hd.o(.text)
    DMA2_Channel4_5_IRQHandler               0x08000227   Thumb Code     0  startup_stm32f10x_hd.o(.text)
    EXTI0_IRQHandler                         0x08000227   Thumb Code     0  startup_stm32f10x_hd.o(.text)
    EXTI1_IRQHandler                         0x08000227   Thumb Code     0  startup_stm32f10x_hd.o(.text)
    EXTI3_IRQHandler                         0x08000227   Thumb Code     0  startup_stm32f10x_hd.o(.text)
    EXTI4_IRQHandler                         0x08000227   Thumb Code     0  startup_stm32f10x_hd.o(.text)
    EXTI9_5_IRQHandler                       0x08000227   Thumb Code     0  startup_stm32f10x_hd.o(.text)
    FLASH_IRQHandler                         0x08000227   Thumb Code     0  startup_stm32f10x_hd.o(.text)
    FSMC_IRQHandler                          0x08000227   Thumb Code     0  startup_stm32f10x_hd.o(.text)
    I2C1_ER_IRQHandler                       0x08000227   Thumb Code     0  startup_stm32f10x_hd.o(.text)
    I2C1_EV_IRQHandler                       0x08000227   Thumb Code     0  startup_stm32f10x_hd.o(.text)
    I2C2_ER_IRQHandler                       0x08000227   Thumb Code     0  startup_stm32f10x_hd.o(.text)
    I2C2_EV_IRQHandler                       0x08000227   Thumb Code     0  startup_stm32f10x_hd.o(.text)
    PVD_IRQHandler                           0x08000227   Thumb Code     0  startup_stm32f10x_hd.o(.text)
    RCC_IRQHandler                           0x08000227   Thumb Code     0  startup_stm32f10x_hd.o(.text)
    RTCAlarm_IRQHandler                      0x08000227   Thumb Code     0  startup_stm32f10x_hd.o(.text)
    RTC_IRQHandler                           0x08000227   Thumb Code     0  startup_stm32f10x_hd.o(.text)
    SDIO_IRQHandler                          0x08000227   Thumb Code     0  startup_stm32f10x_hd.o(.text)
    SPI1_IRQHandler                          0x08000227   Thumb Code     0  startup_stm32f10x_hd.o(.text)
    SPI2_IRQHandler                          0x08000227   Thumb Code     0  startup_stm32f10x_hd.o(.text)
    SPI3_IRQHandler                          0x08000227   Thumb Code     0  startup_stm32f10x_hd.o(.text)
    TAMPER_IRQHandler                        0x08000227   Thumb Code     0  startup_stm32f10x_hd.o(.text)
    TIM1_BRK_IRQHandler                      0x08000227   Thumb Code     0  startup_stm32f10x_hd.o(.text)
    TIM1_CC_IRQHandler                       0x08000227   Thumb Code     0  startup_stm32f10x_hd.o(.text)
    TIM1_TRG_COM_IRQHandler                  0x08000227   Thumb Code     0  startup_stm32f10x_hd.o(.text)
    TIM1_UP_IRQHandler                       0x08000227   Thumb Code     0  startup_stm32f10x_hd.o(.text)
    TIM2_IRQHandler                          0x08000227   Thumb Code     0  startup_stm32f10x_hd.o(.text)
    TIM4_IRQHandler                          0x08000227   Thumb Code     0  startup_stm32f10x_hd.o(.text)
    TIM5_IRQHandler                          0x08000227   Thumb Code     0  startup_stm32f10x_hd.o(.text)
    TIM6_IRQHandler                          0x08000227   Thumb Code     0  startup_stm32f10x_hd.o(.text)
    TIM7_IRQHandler                          0x08000227   Thumb Code     0  startup_stm32f10x_hd.o(.text)
    TIM8_BRK_IRQHandler                      0x08000227   Thumb Code     0  startup_stm32f10x_hd.o(.text)
    TIM8_CC_IRQHandler                       0x08000227   Thumb Code     0  startup_stm32f10x_hd.o(.text)
    TIM8_TRG_COM_IRQHandler                  0x08000227   Thumb Code     0  startup_stm32f10x_hd.o(.text)
    TIM8_UP_IRQHandler                       0x08000227   Thumb Code     0  startup_stm32f10x_hd.o(.text)
    UART4_IRQHandler                         0x08000227   Thumb Code     0  startup_stm32f10x_hd.o(.text)
    UART5_IRQHandler                         0x08000227   Thumb Code     0  startup_stm32f10x_hd.o(.text)
    USART1_IRQHandler                        0x08000227   Thumb Code     0  startup_stm32f10x_hd.o(.text)
    USART2_IRQHandler                        0x08000227   Thumb Code     0  startup_stm32f10x_hd.o(.text)
    USART3_IRQHandler                        0x08000227   Thumb Code     0  startup_stm32f10x_hd.o(.text)
    USBWakeUp_IRQHandler                     0x08000227   Thumb Code     0  startup_stm32f10x_hd.o(.text)
    USB_HP_CAN1_TX_IRQHandler                0x08000227   Thumb Code     0  startup_stm32f10x_hd.o(.text)
    USB_LP_CAN1_RX0_IRQHandler               0x08000227   Thumb Code     0  startup_stm32f10x_hd.o(.text)
    WWDG_IRQHandler                          0x08000227   Thumb Code     0  startup_stm32f10x_hd.o(.text)
    __user_initial_stackheap                 0x08000229   Thumb Code     0  startup_stm32f10x_hd.o(.text)
    __use_two_region_memory                  0x0800024d   Thumb Code     2  heapauxi.o(.text)
    __rt_heap_escrow$2region                 0x0800024f   Thumb Code     2  heapauxi.o(.text)
    __rt_heap_expand$2region                 0x08000251   Thumb Code     2  heapauxi.o(.text)
    __user_setup_stackheap                   0x08000253   Thumb Code    74  sys_stackheap_outer.o(.text)
    exit                                     0x0800029d   Thumb Code    12  exit.o(.text)
    __user_libspace                          0x080002a9   Thumb Code     8  libspace.o(.text)
    __user_perproc_libspace                  0x080002a9   Thumb Code     0  libspace.o(.text)
    __user_perthread_libspace                0x080002a9   Thumb Code     0  libspace.o(.text)
    _sys_exit                                0x080002b1   Thumb Code     8  sys_exit.o(.text)
    __I$use$semihosting                      0x080002bd   Thumb Code     0  use_no_semi.o(.text)
    __use_no_semihosting_swi                 0x080002bd   Thumb Code     2  use_no_semi.o(.text)
    BusFault_Handler                         0x080002bf   Thumb Code     4  stm32f10x_it.o(i.BusFault_Handler)
    __semihosting_library_function           0x080002bf   Thumb Code     0  indicate_semi.o(.text)
    DebugMon_Handler                         0x080002c3   Thumb Code     2  stm32f10x_it.o(i.DebugMon_Handler)
    Delay                                    0x080002c5   Thumb Code    12  main.o(i.Delay)
    EXTI15_10_IRQHandler                     0x080002d1   Thumb Code   388  main.o(i.EXTI15_10_IRQHandler)
    EXTI2_IRQHandler                         0x080004b5   Thumb Code    14  main.o(i.EXTI2_IRQHandler)
    HardFault_Handler                        0x080004c9   Thumb Code     4  stm32f10x_it.o(i.HardFault_Handler)
    IERG3810_LED_INIT                        0x080004cd   Thumb Code    70  ierg3810_led.o(i.IERG3810_LED_INIT)
    IERG3810_NVIC_SetPriorityGroup           0x08000521   Thumb Code    30  main.o(i.IERG3810_NVIC_SetPriorityGroup)
    IERG3810_PS2key_ExtiInit                 0x08000549   Thumb Code   144  main.o(i.IERG3810_PS2key_ExtiInit)
    IERG3810_PrintInstrut                    0x080005f1   Thumb Code   544  main.o(i.IERG3810_PrintInstrut)
    IERG3810_PrintMenu                       0x08000855   Thumb Code   614  main.o(i.IERG3810_PrintMenu)
    IERG3810_SYSTICK_Init10ms                0x08000ad9   Thumb Code    24  main.o(i.IERG3810_SYSTICK_Init10ms)
    IERG3810_TFTLCD_DrawDot                  0x08000af5   Thumb Code    80  main.o(i.IERG3810_TFTLCD_DrawDot)
    IERG3810_TFTLCD_FillRectangle            0x08000b45   Thumb Code   118  main.o(i.IERG3810_TFTLCD_FillRectangle)
    IERG3810_TFTLCD_Init                     0x08000bbd   Thumb Code   336  main.o(i.IERG3810_TFTLCD_Init)
    IERG3810_TFTLCD_SetParameter             0x08000d2d   Thumb Code    46  main.o(i.IERG3810_TFTLCD_SetParameter)
    IERG3810_TFTLCD_ShowChar_Overlay         0x08000d5d   Thumb Code   146  main.o(i.IERG3810_TFTLCD_ShowChar_Overlay)
    IERG3810_TFTLCD_ShowChinChar_Overlay     0x08000df5   Thumb Code   120  main.o(i.IERG3810_TFTLCD_ShowChinChar_Overlay)
    IERG3810_TFTLCD_WrData                   0x08000e71   Thumb Code     6  main.o(i.IERG3810_TFTLCD_WrData)
    IERG3810_TFTLCD_WrReg                    0x08000e7d   Thumb Code     6  main.o(i.IERG3810_TFTLCD_WrReg)
    IERG3810_TIM3_Init                       0x08000e89   Thumb Code    76  main.o(i.IERG3810_TIM3_Init)
    IERG3810_USART1_init                     0x08000ee5   Thumb Code   180  ierg3810_usart.o(i.IERG3810_USART1_init)
    IERG3810_USART2_init                     0x08000fa9   Thumb Code   180  ierg3810_usart.o(i.IERG3810_USART2_init)
    IERG3810_clock_tree_init                 0x0800106d   Thumb Code   146  ierg3810_clock.o(i.IERG3810_clock_tree_init)
    IERG3810_key2_ExtiInit                   0x08001111   Thumb Code   150  main.o(i.IERG3810_key2_ExtiInit)
    MemManage_Handler                        0x080011c1   Thumb Code     4  stm32f10x_it.o(i.MemManage_Handler)
    NMI_Handler                              0x080011c5   Thumb Code     2  stm32f10x_it.o(i.NMI_Handler)
    PS2key_control                           0x080011c9   Thumb Code   274  main.o(i.PS2key_control)
    PendSV_Handler                           0x080012e9   Thumb Code     2  stm32f10x_it.o(i.PendSV_Handler)
    SVC_Handler                              0x080012eb   Thumb Code     2  stm32f10x_it.o(i.SVC_Handler)
    SysTick_Handler                          0x080013d5   Thumb Code    22  stm32f10x_it.o(i.SysTick_Handler)
    SystemInit                               0x080013f5   Thumb Code    78  system_stm32f10x.o(i.SystemInit)
    TIM3_IRQHandler                          0x08001455   Thumb Code   126  main.o(i.TIM3_IRQHandler)
    USART_print                              0x080014e9   Thumb Code    80  ierg3810_usart.o(i.USART_print)
    UsageFault_Handler                       0x08001541   Thumb Code     4  stm32f10x_it.o(i.UsageFault_Handler)
    check_point                              0x08001545   Thumb Code   254  main.o(i.check_point)
    clear_screen                             0x0800167d   Thumb Code    24  main.o(i.clear_screen)
    draw_block                               0x08001695   Thumb Code   476  main.o(i.draw_block)
    handle_player_control                    0x08001879   Thumb Code   450  main.o(i.handle_player_control)
    init_game                                0x08001a45   Thumb Code    38  main.o(i.init_game)
    init_map                                 0x08001a79   Thumb Code   952  main.o(i.init_map)
    main                                     0x08001e65   Thumb Code   242  main.o(i.main)
    start_game                               0x0800200d   Thumb Code   618  main.o(i.start_game)
    update_banner                            0x080022e1   Thumb Code   248  main.o(i.update_banner)
    update_low_banner                        0x080023f1   Thumb Code   156  main.o(i.update_low_banner)
    update_map                               0x0800249d   Thumb Code   294  main.o(i.update_map)
    update_score                             0x080025e1   Thumb Code    62  main.o(i.update_score)
    update_timer                             0x0800262d   Thumb Code   116  main.o(i.update_timer)
    __aeabi_fadd                             0x080026b5   Thumb Code     0  faddsub_clz.o(x$fpl$fadd)
    _fadd                                    0x080026b5   Thumb Code   196  faddsub_clz.o(x$fpl$fadd)
    __aeabi_fdiv                             0x08002779   Thumb Code     0  fdiv.o(x$fpl$fdiv)
    _fdiv                                    0x08002779   Thumb Code   384  fdiv.o(x$fpl$fdiv)
    __aeabi_f2uiz                            0x080028fd   Thumb Code     0  ffixu.o(x$fpl$ffixu)
    _ffixu                                   0x080028fd   Thumb Code    62  ffixu.o(x$fpl$ffixu)
    __aeabi_ui2f                             0x0800293d   Thumb Code     0  fflt_clz.o(x$fpl$ffltu)
    _ffltu                                   0x0800293d   Thumb Code    38  fflt_clz.o(x$fpl$ffltu)
    __aeabi_fmul                             0x08002965   Thumb Code     0  fmul.o(x$fpl$fmul)
    _fmul                                    0x08002965   Thumb Code   258  fmul.o(x$fpl$fmul)
    __fpl_fnaninf                            0x08002a67   Thumb Code   140  fnaninf.o(x$fpl$fnaninf)
    __fpl_fretinf                            0x08002af3   Thumb Code    10  fretinf.o(x$fpl$fretinf)
    __aeabi_frsub                            0x08002afd   Thumb Code     0  faddsub_clz.o(x$fpl$frsb)
    _frsb                                    0x08002afd   Thumb Code    20  faddsub_clz.o(x$fpl$frsb)
    __aeabi_fsub                             0x08002b11   Thumb Code     0  faddsub_clz.o(x$fpl$fsub)
    _fsub                                    0x08002b11   Thumb Code   234  faddsub_clz.o(x$fpl$fsub)
    __I$use$fp                               0x08002bfa   Number         0  usenofp.o(x$fpl$usenofp)
    asc2_1608                                0x08002bfa   Data        1520  main.o(.constdata)
    chi_1616                                 0x080031ea   Data         192  main.o(.constdata)
    Region$$Table$$Base                      0x08003508   Number         0  anon$$obj.o(Region$$Table)
    Region$$Table$$Limit                     0x08003528   Number         0  anon$$obj.o(Region$$Table)
    sheep                                    0x20000000   Data           4  main.o(.data)
    pa2count                                 0x20000004   Data           4  main.o(.data)
    timeout                                  0x20000008   Data           4  main.o(.data)
    pa2key                                   0x2000000c   Data           4  main.o(.data)
    task1HeartBeat                           0x20000010   Data           1  main.o(.data)
    task2HeartBeat                           0x20000011   Data           1  main.o(.data)
    i                                        0x20000012   Data           1  main.o(.data)
    j                                        0x20000013   Data           1  main.o(.data)
    u                                        0x20000014   Data           1  main.o(.data)
    timer_d1                                 0x20000015   Data           1  main.o(.data)
    timer_d2                                 0x20000016   Data           1  main.o(.data)
    game_timer                               0x20000017   Data           1  main.o(.data)
    curr_game_timer                          0x20000018   Data           1  main.o(.data)
    prev_game_timer                          0x20000019   Data           1  main.o(.data)
    words_banner_ON                          0x2000001c   Data           4  main.o(.data)
    words_banner_OFF                         0x20000020   Data           4  main.o(.data)
    words_banner_END                         0x20000024   Data           4  main.o(.data)
    words_banner_WIN                         0x20000028   Data           4  main.o(.data)
    words_banner_LOSE                        0x2000002c   Data           4  main.o(.data)
    words_score                              0x20000030   Data           4  main.o(.data)
    words_time                               0x20000034   Data           4  main.o(.data)
    words_nums                               0x20000038   Data           4  main.o(.data)
    Gp                                       0x2000003c   Data           4  main.o(.data)
    ins0                                     0x20000040   Data           4  main.o(.data)
    ins1                                     0x20000044   Data           4  main.o(.data)
    ins2                                     0x20000048   Data           4  main.o(.data)
    ins2_1                                   0x2000004c   Data           4  main.o(.data)
    ins3                                     0x20000050   Data           4  main.o(.data)
    ins3_1                                   0x20000054   Data           4  main.o(.data)
    ins3_2                                   0x20000058   Data           4  main.o(.data)
    ins4                                     0x2000005c   Data           4  main.o(.data)
    ins4_1                                   0x20000060   Data           4  main.o(.data)
    ins4_2                                   0x20000064   Data           4  main.o(.data)
    ins5                                     0x20000068   Data           4  main.o(.data)
    ins5_1                                   0x2000006c   Data           4  main.o(.data)
    ins6                                     0x20000070   Data           4  main.o(.data)
    ins6_1                                   0x20000074   Data           4  main.o(.data)
    ins6_2                                   0x20000078   Data           4  main.o(.data)
    ins6_3                                   0x2000007c   Data           4  main.o(.data)
    sid1                                     0x20000080   Data           4  main.o(.data)
    sid2                                     0x20000084   Data           4  main.o(.data)
    wel                                      0x20000088   Data           4  main.o(.data)
    ins                                      0x2000008c   Data           4  main.o(.data)
    play                                     0x20000090   Data           4  main.o(.data)
    init_player_p                            0x20000094   Data           2  main.o(.data)
    prev_player_p                            0x20000096   Data           2  main.o(.data)
    curr_player_p                            0x20000098   Data           2  main.o(.data)
    GAME_STATUS                              0x2000009a   Data           1  main.o(.data)
    TIMER_STATUS                             0x2000009b   Data           1  main.o(.data)
    FULL_POINT                               0x2000009c   Data           1  main.o(.data)
    curr_point                               0x2000009d   Data           1  main.o(.data)
    tmp_point                                0x2000009e   Data           1  main.o(.data)
    prev_point                               0x2000009f   Data           1  main.o(.data)
    select_map                               0x200000a0   Data           1  main.o(.data)
    first_map                                0x200000a1   Data         144  main.o(.data)
    first_target_map                         0x20000131   Data         144  main.o(.data)
    second_map                               0x200001c1   Data         144  main.o(.data)
    second_target_map                        0x20000251   Data         144  main.o(.data)
    third_map                                0x200002e1   Data         144  main.o(.data)
    third_target_map                         0x20000371   Data         144  main.o(.data)
    target_p1                                0x20000401   Data          20  main.o(.data)
    target_p2                                0x20000415   Data          20  main.o(.data)
    target_p3                                0x20000429   Data          20  main.o(.data)
    prev_map                                 0x20000440   Data         144  main.o(.bss)
    curr_map                                 0x200004d0   Data         144  main.o(.bss)
    curr_target                              0x20000560   Data         144  main.o(.bss)
    __libspace_start                         0x200005f0   Data          96  libspace.o(.bss)
    __temporary_stack_top$libspace           0x20000650   Data           0  libspace.o(.bss)



==============================================================================

Memory Map of the image

  Image Entry point : 0x0800020d

  Load Region LR_1 (Base: 0x08000000, Size: 0x00003968, Max: 0xffffffff, ABSOLUTE, COMPRESSED[0x0000360c])

    Execution Region ER_RO (Base: 0x08000000, Size: 0x00003528, Max: 0xffffffff, ABSOLUTE)

    Base Addr    Size         Type   Attr      Idx    E Section Name        Object

    0x08000000   0x00000130   Data   RO          472    RESET               startup_stm32f10x_hd.o
    0x08000130   0x00000008   Code   RO          887  * !!!main             c_w.l(__main.o)
    0x08000138   0x00000034   Code   RO         1072    !!!scatter          c_w.l(__scatter.o)
    0x0800016c   0x0000005a   Code   RO         1070    !!dczerorl2         c_w.l(__dczerorl2.o)
    0x080001c6   0x00000002   PAD
    0x080001c8   0x0000001c   Code   RO         1074    !!handler_zi        c_w.l(__scatter_zi.o)
    0x080001e4   0x00000002   Code   RO          941    .ARM.Collect$$libinit$$00000000  c_w.l(libinit.o)
    0x080001e6   0x00000000   Code   RO          948    .ARM.Collect$$libinit$$00000002  c_w.l(libinit2.o)
    0x080001e6   0x00000000   Code   RO          950    .ARM.Collect$$libinit$$00000004  c_w.l(libinit2.o)
    0x080001e6   0x00000000   Code   RO          953    .ARM.Collect$$libinit$$0000000A  c_w.l(libinit2.o)
    0x080001e6   0x00000000   Code   RO          955    .ARM.Collect$$libinit$$0000000C  c_w.l(libinit2.o)
    0x080001e6   0x00000000   Code   RO          957    .ARM.Collect$$libinit$$0000000E  c_w.l(libinit2.o)
    0x080001e6   0x00000000   Code   RO          960    .ARM.Collect$$libinit$$00000011  c_w.l(libinit2.o)
    0x080001e6   0x00000000   Code   RO          962    .ARM.Collect$$libinit$$00000013  c_w.l(libinit2.o)
    0x080001e6   0x00000000   Code   RO          964    .ARM.Collect$$libinit$$00000015  c_w.l(libinit2.o)
    0x080001e6   0x00000000   Code   RO          966    .ARM.Collect$$libinit$$00000017  c_w.l(libinit2.o)
    0x080001e6   0x00000000   Code   RO          968    .ARM.Collect$$libinit$$00000019  c_w.l(libinit2.o)
    0x080001e6   0x00000000   Code   RO          970    .ARM.Collect$$libinit$$0000001B  c_w.l(libinit2.o)
    0x080001e6   0x00000000   Code   RO          972    .ARM.Collect$$libinit$$0000001D  c_w.l(libinit2.o)
    0x080001e6   0x00000000   Code   RO          974    .ARM.Collect$$libinit$$0000001F  c_w.l(libinit2.o)
    0x080001e6   0x00000000   Code   RO          976    .ARM.Collect$$libinit$$00000021  c_w.l(libinit2.o)
    0x080001e6   0x00000000   Code   RO          978    .ARM.Collect$$libinit$$00000023  c_w.l(libinit2.o)
    0x080001e6   0x00000000   Code   RO          980    .ARM.Collect$$libinit$$00000025  c_w.l(libinit2.o)
    0x080001e6   0x00000000   Code   RO          984    .ARM.Collect$$libinit$$0000002C  c_w.l(libinit2.o)
    0x080001e6   0x00000000   Code   RO          986    .ARM.Collect$$libinit$$0000002E  c_w.l(libinit2.o)
    0x080001e6   0x00000000   Code   RO          988    .ARM.Collect$$libinit$$00000030  c_w.l(libinit2.o)
    0x080001e6   0x00000000   Code   RO          990    .ARM.Collect$$libinit$$00000032  c_w.l(libinit2.o)
    0x080001e6   0x00000002   Code   RO          991    .ARM.Collect$$libinit$$00000033  c_w.l(libinit2.o)
    0x080001e8   0x00000002   Code   RO         1011    .ARM.Collect$$libshutdown$$00000000  c_w.l(libshutdown.o)
    0x080001ea   0x00000000   Code   RO         1025    .ARM.Collect$$libshutdown$$00000003  c_w.l(libshutdown2.o)
    0x080001ea   0x00000000   Code   RO         1028    .ARM.Collect$$libshutdown$$00000006  c_w.l(libshutdown2.o)
    0x080001ea   0x00000000   Code   RO         1031    .ARM.Collect$$libshutdown$$00000009  c_w.l(libshutdown2.o)
    0x080001ea   0x00000000   Code   RO         1033    .ARM.Collect$$libshutdown$$0000000B  c_w.l(libshutdown2.o)
    0x080001ea   0x00000000   Code   RO         1036    .ARM.Collect$$libshutdown$$0000000E  c_w.l(libshutdown2.o)
    0x080001ea   0x00000002   Code   RO         1037    .ARM.Collect$$libshutdown$$0000000F  c_w.l(libshutdown2.o)
    0x080001ec   0x00000000   Code   RO          911    .ARM.Collect$$rtentry$$00000000  c_w.l(__rtentry.o)
    0x080001ec   0x00000000   Code   RO          918    .ARM.Collect$$rtentry$$00000002  c_w.l(__rtentry2.o)
    0x080001ec   0x00000006   Code   RO          930    .ARM.Collect$$rtentry$$00000004  c_w.l(__rtentry4.o)
    0x080001f2   0x00000000   Code   RO          920    .ARM.Collect$$rtentry$$00000009  c_w.l(__rtentry2.o)
    0x080001f2   0x00000004   Code   RO          921    .ARM.Collect$$rtentry$$0000000A  c_w.l(__rtentry2.o)
    0x080001f6   0x00000000   Code   RO          923    .ARM.Collect$$rtentry$$0000000C  c_w.l(__rtentry2.o)
    0x080001f6   0x00000008   Code   RO          924    .ARM.Collect$$rtentry$$0000000D  c_w.l(__rtentry2.o)
    0x080001fe   0x00000002   Code   RO          945    .ARM.Collect$$rtexit$$00000000  c_w.l(rtexit.o)
    0x08000200   0x00000000   Code   RO          993    .ARM.Collect$$rtexit$$00000002  c_w.l(rtexit2.o)
    0x08000200   0x00000004   Code   RO          994    .ARM.Collect$$rtexit$$00000003  c_w.l(rtexit2.o)
    0x08000204   0x00000006   Code   RO          995    .ARM.Collect$$rtexit$$00000004  c_w.l(rtexit2.o)
    0x0800020a   0x00000002   PAD
    0x0800020c   0x00000040   Code   RO          473  * .text               startup_stm32f10x_hd.o
    0x0800024c   0x00000006   Code   RO          885    .text               c_w.l(heapauxi.o)
    0x08000252   0x0000004a   Code   RO          932    .text               c_w.l(sys_stackheap_outer.o)
    0x0800029c   0x0000000c   Code   RO          934    .text               c_w.l(exit.o)
    0x080002a8   0x00000008   Code   RO          942    .text               c_w.l(libspace.o)
    0x080002b0   0x0000000c   Code   RO         1003    .text               c_w.l(sys_exit.o)
    0x080002bc   0x00000002   Code   RO         1014    .text               c_w.l(use_no_semi.o)
    0x080002be   0x00000000   Code   RO         1016    .text               c_w.l(indicate_semi.o)
    0x080002be   0x00000004   Code   RO          816    i.BusFault_Handler  stm32f10x_it.o
    0x080002c2   0x00000002   Code   RO          817    i.DebugMon_Handler  stm32f10x_it.o
    0x080002c4   0x0000000c   Code   RO          564    i.Delay             main.o
    0x080002d0   0x000001e4   Code   RO          565    i.EXTI15_10_IRQHandler  main.o
    0x080004b4   0x00000014   Code   RO          566    i.EXTI2_IRQHandler  main.o
    0x080004c8   0x00000004   Code   RO          818    i.HardFault_Handler  stm32f10x_it.o
    0x080004cc   0x00000054   Code   RO          549    i.IERG3810_LED_INIT  ierg3810_led.o
    0x08000520   0x00000028   Code   RO          567    i.IERG3810_NVIC_SetPriorityGroup  main.o
    0x08000548   0x000000a8   Code   RO          568    i.IERG3810_PS2key_ExtiInit  main.o
    0x080005f0   0x00000264   Code   RO          569    i.IERG3810_PrintInstrut  main.o
    0x08000854   0x00000284   Code   RO          570    i.IERG3810_PrintMenu  main.o
    0x08000ad8   0x0000001c   Code   RO          571    i.IERG3810_SYSTICK_Init10ms  main.o
    0x08000af4   0x00000050   Code   RO          572    i.IERG3810_TFTLCD_DrawDot  main.o
    0x08000b44   0x00000076   Code   RO          573    i.IERG3810_TFTLCD_FillRectangle  main.o
    0x08000bba   0x00000002   PAD
    0x08000bbc   0x00000170   Code   RO          574    i.IERG3810_TFTLCD_Init  main.o
    0x08000d2c   0x0000002e   Code   RO          575    i.IERG3810_TFTLCD_SetParameter  main.o
    0x08000d5a   0x00000002   PAD
    0x08000d5c   0x00000098   Code   RO          578    i.IERG3810_TFTLCD_ShowChar_Overlay  main.o
    0x08000df4   0x0000007c   Code   RO          580    i.IERG3810_TFTLCD_ShowChinChar_Overlay  main.o
    0x08000e70   0x0000000c   Code   RO          581    i.IERG3810_TFTLCD_WrData  main.o
    0x08000e7c   0x0000000c   Code   RO          582    i.IERG3810_TFTLCD_WrReg  main.o
    0x08000e88   0x0000005c   Code   RO          583    i.IERG3810_TIM3_Init  main.o
    0x08000ee4   0x000000c4   Code   RO          522    i.IERG3810_USART1_init  ierg3810_usart.o
    0x08000fa8   0x000000c4   Code   RO          523    i.IERG3810_USART2_init  ierg3810_usart.o
    0x0800106c   0x000000a4   Code   RO          507    i.IERG3810_clock_tree_init  ierg3810_clock.o
    0x08001110   0x000000b0   Code   RO          584    i.IERG3810_key2_ExtiInit  main.o
    0x080011c0   0x00000004   Code   RO          819    i.MemManage_Handler  stm32f10x_it.o
    0x080011c4   0x00000002   Code   RO          820    i.NMI_Handler       stm32f10x_it.o
    0x080011c6   0x00000002   PAD
    0x080011c8   0x00000120   Code   RO          585    i.PS2key_control    main.o
    0x080012e8   0x00000002   Code   RO          821    i.PendSV_Handler    stm32f10x_it.o
    0x080012ea   0x00000002   Code   RO          822    i.SVC_Handler       stm32f10x_it.o
    0x080012ec   0x00000008   Code   RO          417    i.SetSysClock       system_stm32f10x.o
    0x080012f4   0x000000e0   Code   RO          418    i.SetSysClockTo72   system_stm32f10x.o
    0x080013d4   0x00000020   Code   RO          823    i.SysTick_Handler   stm32f10x_it.o
    0x080013f4   0x00000060   Code   RO          420    i.SystemInit        system_stm32f10x.o
    0x08001454   0x00000094   Code   RO          586    i.TIM3_IRQHandler   main.o
    0x080014e8   0x00000058   Code   RO          524    i.USART_print       ierg3810_usart.o
    0x08001540   0x00000004   Code   RO          824    i.UsageFault_Handler  stm32f10x_it.o
    0x08001544   0x00000138   Code   RO          587    i.check_point       main.o
    0x0800167c   0x00000018   Code   RO          588    i.clear_screen      main.o
    0x08001694   0x000001e4   Code   RO          589    i.draw_block        main.o
    0x08001878   0x000001cc   Code   RO          590    i.handle_player_control  main.o
    0x08001a44   0x00000034   Code   RO          591    i.init_game         main.o
    0x08001a78   0x000003ec   Code   RO          592    i.init_map          main.o
    0x08001e64   0x000001a8   Code   RO          593    i.main              main.o
    0x0800200c   0x000002d4   Code   RO          594    i.start_game        main.o
    0x080022e0   0x00000110   Code   RO          595    i.update_banner     main.o
    0x080023f0   0x000000ac   Code   RO          596    i.update_low_banner  main.o
    0x0800249c   0x00000144   Code   RO          597    i.update_map        main.o
    0x080025e0   0x0000004c   Code   RO          598    i.update_score      main.o
    0x0800262c   0x00000088   Code   RO          599    i.update_timer      main.o
    0x080026b4   0x000000c4   Code   RO          889    x$fpl$fadd          fz_ws.l(faddsub_clz.o)
    0x08002778   0x00000184   Code   RO          896    x$fpl$fdiv          fz_ws.l(fdiv.o)
    0x080028fc   0x0000003e   Code   RO          899    x$fpl$ffixu         fz_ws.l(ffixu.o)
    0x0800293a   0x00000002   PAD
    0x0800293c   0x00000026   Code   RO          903    x$fpl$ffltu         fz_ws.l(fflt_clz.o)
    0x08002962   0x00000002   PAD
    0x08002964   0x00000102   Code   RO          909    x$fpl$fmul          fz_ws.l(fmul.o)
    0x08002a66   0x0000008c   Code   RO          912    x$fpl$fnaninf       fz_ws.l(fnaninf.o)
    0x08002af2   0x0000000a   Code   RO          914    x$fpl$fretinf       fz_ws.l(fretinf.o)
    0x08002afc   0x00000014   Code   RO          890    x$fpl$frsb          fz_ws.l(faddsub_clz.o)
    0x08002b10   0x000000ea   Code   RO          891    x$fpl$fsub          fz_ws.l(faddsub_clz.o)
    0x08002bfa   0x00000000   Code   RO          916    x$fpl$usenofp       fz_ws.l(usenofp.o)
    0x08002bfa   0x000006b0   Data   RO          601    .constdata          main.o
    0x080032aa   0x00000002   PAD
    0x080032ac   0x0000025a   Data   RO          602    .conststring        main.o
    0x08003506   0x00000002   PAD
    0x08003508   0x00000020   Data   RO         1068    Region$$Table       anon$$obj.o


    Execution Region ER_RW (Base: 0x20000000, Size: 0x00000440, Max: 0xffffffff, ABSOLUTE, COMPRESSED[0x000000e4])

    Base Addr    Size         Type   Attr      Idx    E Section Name        Object

    0x20000000   0x0000043d   Data   RW          603    .data               main.o


    Execution Region ER_ZI (Base: 0x20000440, Size: 0x00000810, Max: 0xffffffff, ABSOLUTE)

    Base Addr    Size         Type   Attr      Idx    E Section Name        Object

    0x20000440   0x000001b0   Zero   RW          600    .bss                main.o
    0x200005f0   0x00000060   Zero   RW          943    .bss                c_w.l(libspace.o)
    0x20000650   0x00000200   Zero   RW          471    HEAP                startup_stm32f10x_hd.o
    0x20000850   0x00000400   Zero   RW          470    STACK               startup_stm32f10x_hd.o


==============================================================================

Image component sizes


      Code (inc. data)   RO Data    RW Data    ZI Data      Debug   Object Name

         0          0          0          0          0         32   core_cm3.o
       164         18          0          0          0        539   ierg3810_clock.o
        84         14          0          0          0        428   ierg3810_led.o
       480         40          0          0          0       1848   ierg3810_usart.o
      8088        936       2314       1085        432      22002   main.o
        64         26        304          0       1536        768   startup_stm32f10x_hd.o
        56         10          0          0          0       3570   stm32f10x_it.o
         0          0          0          0          0     207564   stm32f10x_rcc.o
       328         28          0          0          0       1737   system_stm32f10x.o

    ----------------------------------------------------------------------
      9270       1072       2654       1088       1968     238488   Object Totals
         0          0         32          0          0          0   (incl. Generated)
         6          0          4          3          0          0   (incl. Padding)

    ----------------------------------------------------------------------

      Code (inc. data)   RO Data    RW Data    ZI Data      Debug   Library Member Name

        90          0          0          0          0          0   __dczerorl2.o
         8          0          0          0          0         68   __main.o
         0          0          0          0          0          0   __rtentry.o
        12          0          0          0          0          0   __rtentry2.o
         6          0          0          0          0          0   __rtentry4.o
        52          8          0          0          0          0   __scatter.o
        28          0          0          0          0          0   __scatter_zi.o
        12          0          0          0          0         72   exit.o
         6          0          0          0          0        152   heapauxi.o
         0          0          0          0          0          0   indicate_semi.o
         2          0          0          0          0          0   libinit.o
         2          0          0          0          0          0   libinit2.o
         2          0          0          0          0          0   libshutdown.o
         2          0          0          0          0          0   libshutdown2.o
         8          4          0          0         96         68   libspace.o
         2          0          0          0          0          0   rtexit.o
        10          0          0          0          0          0   rtexit2.o
        12          4          0          0          0         68   sys_exit.o
        74          0          0          0          0         80   sys_stackheap_outer.o
         2          0          0          0          0         68   use_no_semi.o
       450          8          0          0          0        236   faddsub_clz.o
       388         76          0          0          0         96   fdiv.o
        62          4          0          0          0         84   ffixu.o
        38          0          0          0          0         68   fflt_clz.o
       258          4          0          0          0         84   fmul.o
       140          4          0          0          0         84   fnaninf.o
        10          0          0          0          0         68   fretinf.o
         0          0          0          0          0          0   usenofp.o

    ----------------------------------------------------------------------
      1684        112          0          0         96       1296   Library Totals
         8          0          0          0          0          0   (incl. Padding)

    ----------------------------------------------------------------------

      Code (inc. data)   RO Data    RW Data    ZI Data      Debug   Library Name

       330         16          0          0         96        576   c_w.l
      1346         96          0          0          0        720   fz_ws.l

    ----------------------------------------------------------------------
      1684        112          0          0         96       1296   Library Totals

    ----------------------------------------------------------------------

==============================================================================


      Code (inc. data)   RO Data    RW Data    ZI Data      Debug   

     10954       1184       2654       1088       2064     236764   Grand Totals
     10954       1184       2654        228       2064     236764   ELF Image Totals (compressed)
     10954       1184       2654        228          0          0   ROM Totals

==============================================================================

    Total RO  Size (Code + RO Data)                13608 (  13.29kB)
    Total RW  Size (RW Data + ZI Data)              3152 (   3.08kB)
    Total ROM Size (Code + RO Data + RW Data)      13836 (  13.51kB)

==============================================================================

